../Core/Src/main.c:21:13:debug_printf	272	static
../Core/Src/main.c:111:5:main	16	static
../Core/Src/main.c:192:6:SystemClock_Config	88	static
../Core/Src/main.c:239:13:MX_FDCAN1_Init	32	static
../Core/Src/main.c:301:13:MX_TIM2_Init	40	static
../Core/Src/main.c:346:13:MX_GPIO_Init	40	static
../Core/Src/main.c:378:6:Motor1_Control	16	static
../Core/Src/main.c:401:6:Motor2_Control	16	static
../Core/Src/main.c:424:6:Motor1_Sleep	16	static
../Core/Src/main.c:430:6:Motor2_Sleep	16	static
../Core/Src/main.c:436:6:SendStatus	24	static
../Core/Src/main.c:457:6:ReceiveStatus	80	static
../Core/Src/main.c:502:6:Start	8	static
../Core/Src/main.c:551:6:Motion_Active	16	static
../Core/Src/main.c:575:6:Prepare	32	static
../Core/Src/main.c:616:6:Error_Handler	4	static,ignoring_inline_asm
