Archive member included to satisfy reference by file (symbol)

C:/ST/STM32CubeIDE_1.19.0/STM32CubeIDE/plugins/com.st.stm32cube.ide.mcu.externaltools.gnu-tools-for-stm32.13.3.rel1.win32_1.0.0.202411081344/tools/bin/../lib/gcc/arm-none-eabi/13.3.1/../../../../arm-none-eabi/lib/thumb/v7e-m+fp/hard\libc_nano.a(libc_a-exit.o)
                              C:/ST/STM32CubeIDE_1.19.0/STM32CubeIDE/plugins/com.st.stm32cube.ide.mcu.externaltools.gnu-tools-for-stm32.13.3.rel1.win32_1.0.0.202411081344/tools/bin/../lib/gcc/arm-none-eabi/13.3.1/../../../../arm-none-eabi/lib/thumb/v7e-m+fp/hard/crt0.o (exit)
C:/ST/STM32CubeIDE_1.19.0/STM32CubeIDE/plugins/com.st.stm32cube.ide.mcu.externaltools.gnu-tools-for-stm32.13.3.rel1.win32_1.0.0.202411081344/tools/bin/../lib/gcc/arm-none-eabi/13.3.1/../../../../arm-none-eabi/lib/thumb/v7e-m+fp/hard\libc_nano.a(libc_a-findfp.o)
                              C:/ST/STM32CubeIDE_1.19.0/STM32CubeIDE/plugins/com.st.stm32cube.ide.mcu.externaltools.gnu-tools-for-stm32.13.3.rel1.win32_1.0.0.202411081344/tools/bin/../lib/gcc/arm-none-eabi/13.3.1/../../../../arm-none-eabi/lib/thumb/v7e-m+fp/hard\libc_nano.a(libc_a-exit.o) (__stdio_exit_handler)
C:/ST/STM32CubeIDE_1.19.0/STM32CubeIDE/plugins/com.st.stm32cube.ide.mcu.externaltools.gnu-tools-for-stm32.13.3.rel1.win32_1.0.0.202411081344/tools/bin/../lib/gcc/arm-none-eabi/13.3.1/../../../../arm-none-eabi/lib/thumb/v7e-m+fp/hard\libc_nano.a(libc_a-fwalk.o)
                              C:/ST/STM32CubeIDE_1.19.0/STM32CubeIDE/plugins/com.st.stm32cube.ide.mcu.externaltools.gnu-tools-for-stm32.13.3.rel1.win32_1.0.0.202411081344/tools/bin/../lib/gcc/arm-none-eabi/13.3.1/../../../../arm-none-eabi/lib/thumb/v7e-m+fp/hard\libc_nano.a(libc_a-findfp.o) (_fwalk_sglue)
C:/ST/STM32CubeIDE_1.19.0/STM32CubeIDE/plugins/com.st.stm32cube.ide.mcu.externaltools.gnu-tools-for-stm32.13.3.rel1.win32_1.0.0.202411081344/tools/bin/../lib/gcc/arm-none-eabi/13.3.1/../../../../arm-none-eabi/lib/thumb/v7e-m+fp/hard\libc_nano.a(libc_a-snprintf.o)
                              ./Core/Src/main.o (snprintf)
C:/ST/STM32CubeIDE_1.19.0/STM32CubeIDE/plugins/com.st.stm32cube.ide.mcu.externaltools.gnu-tools-for-stm32.13.3.rel1.win32_1.0.0.202411081344/tools/bin/../lib/gcc/arm-none-eabi/13.3.1/../../../../arm-none-eabi/lib/thumb/v7e-m+fp/hard\libc_nano.a(libc_a-stdio.o)
                              C:/ST/STM32CubeIDE_1.19.0/STM32CubeIDE/plugins/com.st.stm32cube.ide.mcu.externaltools.gnu-tools-for-stm32.13.3.rel1.win32_1.0.0.202411081344/tools/bin/../lib/gcc/arm-none-eabi/13.3.1/../../../../arm-none-eabi/lib/thumb/v7e-m+fp/hard\libc_nano.a(libc_a-findfp.o) (__sread)
C:/ST/STM32CubeIDE_1.19.0/STM32CubeIDE/plugins/com.st.stm32cube.ide.mcu.externaltools.gnu-tools-for-stm32.13.3.rel1.win32_1.0.0.202411081344/tools/bin/../lib/gcc/arm-none-eabi/13.3.1/../../../../arm-none-eabi/lib/thumb/v7e-m+fp/hard\libc_nano.a(libc_a-vsnprintf.o)
                              ./Core/Src/main.o (vsnprintf)
C:/ST/STM32CubeIDE_1.19.0/STM32CubeIDE/plugins/com.st.stm32cube.ide.mcu.externaltools.gnu-tools-for-stm32.13.3.rel1.win32_1.0.0.202411081344/tools/bin/../lib/gcc/arm-none-eabi/13.3.1/../../../../arm-none-eabi/lib/thumb/v7e-m+fp/hard\libc_nano.a(libc_a-memset.o)
                              C:/ST/STM32CubeIDE_1.19.0/STM32CubeIDE/plugins/com.st.stm32cube.ide.mcu.externaltools.gnu-tools-for-stm32.13.3.rel1.win32_1.0.0.202411081344/tools/bin/../lib/gcc/arm-none-eabi/13.3.1/../../../../arm-none-eabi/lib/thumb/v7e-m+fp/hard/crt0.o (memset)
C:/ST/STM32CubeIDE_1.19.0/STM32CubeIDE/plugins/com.st.stm32cube.ide.mcu.externaltools.gnu-tools-for-stm32.13.3.rel1.win32_1.0.0.202411081344/tools/bin/../lib/gcc/arm-none-eabi/13.3.1/../../../../arm-none-eabi/lib/thumb/v7e-m+fp/hard\libc_nano.a(libc_a-closer.o)
                              C:/ST/STM32CubeIDE_1.19.0/STM32CubeIDE/plugins/com.st.stm32cube.ide.mcu.externaltools.gnu-tools-for-stm32.13.3.rel1.win32_1.0.0.202411081344/tools/bin/../lib/gcc/arm-none-eabi/13.3.1/../../../../arm-none-eabi/lib/thumb/v7e-m+fp/hard\libc_nano.a(libc_a-stdio.o) (_close_r)
C:/ST/STM32CubeIDE_1.19.0/STM32CubeIDE/plugins/com.st.stm32cube.ide.mcu.externaltools.gnu-tools-for-stm32.13.3.rel1.win32_1.0.0.202411081344/tools/bin/../lib/gcc/arm-none-eabi/13.3.1/../../../../arm-none-eabi/lib/thumb/v7e-m+fp/hard\libc_nano.a(libc_a-reent.o)
                              C:/ST/STM32CubeIDE_1.19.0/STM32CubeIDE/plugins/com.st.stm32cube.ide.mcu.externaltools.gnu-tools-for-stm32.13.3.rel1.win32_1.0.0.202411081344/tools/bin/../lib/gcc/arm-none-eabi/13.3.1/../../../../arm-none-eabi/lib/thumb/v7e-m+fp/hard\libc_nano.a(libc_a-closer.o) (errno)
C:/ST/STM32CubeIDE_1.19.0/STM32CubeIDE/plugins/com.st.stm32cube.ide.mcu.externaltools.gnu-tools-for-stm32.13.3.rel1.win32_1.0.0.202411081344/tools/bin/../lib/gcc/arm-none-eabi/13.3.1/../../../../arm-none-eabi/lib/thumb/v7e-m+fp/hard\libc_nano.a(libc_a-impure.o)
[...]
Memory Configuration

Name             Origin             Length             Attributes
RAM              0x20000000         0x00008000         xrw
FLASH            0x08000000         0x00020000         xr
*default*        0x00000000         0xffffffff

Linker script and memory map

LOAD C:/ST/STM32CubeIDE_1.19.0/STM32CubeIDE/plugins/com.st.stm32cube.ide.mcu.externaltools.gnu-tools-for-stm32.13.3.rel1.win32_1.0.0.202411081344/tools/bin/../lib/gcc/arm-none-eabi/13.3.1/thumb/v7e-m+fp/hard/crti.o
LOAD C:/ST/STM32CubeIDE_1.19.0/STM32CubeIDE/plugins/com.st.stm32cube.ide.mcu.externaltools.gnu-tools-for-stm32.13.3.rel1.win32_1.0.0.202411081344/tools/bin/../lib/gcc/arm-none-eabi/13.3.1/thumb/v7e-m+fp/hard/crtbegin.o
LOAD C:/ST/STM32CubeIDE_1.19.0/STM32CubeIDE/plugins/com.st.stm32cube.ide.mcu.externaltools.gnu-tools-for-stm32.13.3.rel1.win32_1.0.0.202411081344/tools/bin/../lib/gcc/arm-none-eabi/13.3.1/../../../../arm-none-eabi/lib/thumb/v7e-m+fp/hard/crt0.o
LOAD ./Core/Src/main.o
LOAD ./Core/Src/stm32g4xx_hal_msp.o
LOAD ./Core/Src/stm32g4xx_it.o
LOAD ./Core/Src/syscalls.o
LOAD ./Core/Src/sysmem.o
LOAD ./Core/Src/system_stm32g4xx.o
LOAD ./Core/Startup/startup_stm32g431cbux.o
LOAD ./Drivers/STM32G4xx_HAL_Driver/Src/stm32g4xx_hal.o
LOAD ./Drivers/STM32G4xx_HAL_Driver/Src/stm32g4xx_hal_cortex.o
LOAD ./Drivers/STM32G4xx_HAL_Driver/Src/stm32g4xx_hal_dma.o
LOAD ./Drivers/STM32G4xx_HAL_Driver/Src/stm32g4xx_hal_dma_ex.o
LOAD ./Drivers/STM32G4xx_HAL_Driver/Src/stm32g4xx_hal_exti.o
LOAD ./Drivers/STM32G4xx_HAL_Driver/Src/stm32g4xx_hal_fdcan.o
LOAD ./Drivers/STM32G4xx_HAL_Driver/Src/stm32g4xx_hal_flash.o
LOAD ./Drivers/STM32G4xx_HAL_Driver/Src/stm32g4xx_hal_flash_ex.o
LOAD ./Drivers/STM32G4xx_HAL_Driver/Src/stm32g4xx_hal_flash_ramfunc.o
LOAD ./Drivers/STM32G4xx_HAL_Driver/Src/stm32g4xx_hal_gpio.o
LOAD ./Drivers/STM32G4xx_HAL_Driver/Src/stm32g4xx_hal_pcd.o
LOAD ./Drivers/STM32G4xx_HAL_Driver/Src/stm32g4xx_hal_pcd_ex.o
LOAD ./Drivers/STM32G4xx_HAL_Driver/Src/stm32g4xx_hal_pwr.o
LOAD ./Drivers/STM32G4xx_HAL_Driver/Src/stm32g4xx_hal_pwr_ex.o
LOAD ./Drivers/STM32G4xx_HAL_Driver/Src/stm32g4xx_hal_rcc.o
LOAD ./Drivers/STM32G4xx_HAL_Driver/Src/stm32g4xx_hal_rcc_ex.o
LOAD ./Drivers/STM32G4xx_HAL_Driver/Src/stm32g4xx_hal_tim.o
LOAD ./Drivers/STM32G4xx_HAL_Driver/Src/stm32g4xx_hal_tim_ex.o
LOAD ./Drivers/STM32G4xx_HAL_Driver/Src/stm32g4xx_ll_usb.o
LOAD ./Middlewares/ST/STM32_USB_Device_Library/Class/CDC/Src/usbd_cdc.o
LOAD ./Middlewares/ST/STM32_USB_Device_Library/Core/Src/usbd_core.o
LOAD ./Middlewares/ST/STM32_USB_Device_Library/Core/Src/usbd_ctlreq.o
LOAD ./Middlewares/ST/STM32_USB_Device_Library/Core/Src/usbd_ioreq.o
LOAD ./USB_Device/App/usb_device.o
LOAD ./USB_Device/App/usbd_cdc_if.o
LOAD ./USB_Device/App/usbd_desc.o
LOAD ./USB_Device/Target/usbd_conf.o
START GROUP
LOAD C:/ST/STM32CubeIDE_1.19.0/STM32CubeIDE/plugins/com.st.stm32cube.ide.mcu.externaltools.gnu-tools-for-stm32.13.3.rel1.win32_1.0.0.202411081344/tools/bin/../lib/gcc/arm-none-eabi/13.3.1/../../../../arm-none-eabi/lib/thumb/v7e-m+fp/hard\libc_nano.a
LOAD C:/ST/STM32CubeIDE_1.19.0/STM32CubeIDE/plugins/com.st.stm32cube.ide.mcu.externaltools.gnu-tools-for-stm32.13.3.rel1.win32_1.0.0.202411081344/tools/bin/../lib/gcc/arm-none-eabi/13.3.1/../../../../arm-none-eabi/lib/thumb/v7e-m+fp/hard\libm.a
END GROUP
START GROUP
LOAD C:/ST/STM32CubeIDE_1.19.0/STM32CubeIDE/plugins/com.st.stm32cube.ide.mcu.externaltools.gnu-tools-for-stm32.13.3.rel1.win32_1.0.0.202411081344/tools/bin/../lib/gcc/arm-none-eabi/13.3.1/thumb/v7e-m+fp/hard\libgcc.a
LOAD C:/ST/STM32CubeIDE_1.19.0/STM32CubeIDE/plugins/com.st.stm32cube.ide.mcu.externaltools.gnu-tools-for-stm32.13.3.rel1.win32_1.0.0.202411081344/tools/bin/../lib/gcc/arm-none-eabi/13.3.1/../../../../arm-none-eabi/lib/thumb/v7e-m+fp/hard\libc_nano.a
END GROUP
START GROUP
LOAD C:/ST/STM32CubeIDE_1.19.0/STM32CubeIDE/plugins/com.st.stm32cube.ide.mcu.externaltools.gnu-tools-for-stm32.13.3.rel1.win32_1.0.0.202411081344/tools/bin/../lib/gcc/arm-none-eabi/13.3.1/thumb/v7e-m+fp/hard\libgcc.a
LOAD C:/ST/STM32CubeIDE_1.19.0/STM32CubeIDE/plugins/com.st.stm32cube.ide.mcu.externaltools.gnu-tools-for-stm32.13.3.rel1.win32_1.0.0.202411081344/tools/bin/../lib/gcc/arm-none-eabi/13.3.1/../../../../arm-none-eabi/lib/thumb/v7e-m+fp/hard\libc_nano.a
LOAD C:/ST/STM32CubeIDE_1.19.0/STM32CubeIDE/plugins/com.st.stm32cube.ide.mcu.externaltools.gnu-tools-for-stm32.13.3.rel1.win32_1.0.0.202411081344/tools/bin/../lib/gcc/arm-none-eabi/13.3.1/../../../../arm-none-eabi/lib/thumb/v7e-m+fp/hard\libnosys.a
END GROUP
START GROUP
LOAD C:/ST/STM32CubeIDE_1.19.0/STM32CubeIDE/plugins/com.st.stm32cube.ide.mcu.externaltools.gnu-tools-for-stm32.13.3.rel1.win32_1.0.0.202411081344/tools/bin/../lib/gcc/arm-none-eabi/13.3.1/thumb/v7e-m+fp/hard\libgcc.a
LOAD C:/ST/STM32CubeIDE_1.19.0/STM32CubeIDE/plugins/com.st.stm32cube.ide.mcu.externaltools.gnu-tools-for-stm32.13.3.rel1.win32_1.0.0.202411081344/tools/bin/../lib/gcc/arm-none-eabi/13.3.1/../../../../arm-none-eabi/lib/thumb/v7e-m+fp/hard\libc_nano.a
LOAD C:/ST/STM32CubeIDE_1.19.0/STM32CubeIDE/plugins/com.st.stm32cube.ide.mcu.externaltools.gnu-tools-for-stm32.13.3.rel1.win32_1.0.0.202411081344/tools/bin/../lib/gcc/arm-none-eabi/13.3.1/../../../../arm-none-eabi/lib/thumb/v7e-m+fp/hard\libnosys.a
END GROUP
LOAD C:/ST/STM32CubeIDE_1.19.0/STM32CubeIDE/plugins/com.st.stm32cube.ide.mcu.externaltools.gnu-tools-for-stm32.13.3.rel1.win32_1.0.0.202411081344/tools/bin/../lib/gcc/arm-none-eabi/13.3.1/thumb/v7e-m+fp/hard/crtend.o
LOAD C:/ST/STM32CubeIDE_1.19.0/STM32CubeIDE/plugins/com.st.stm32cube.ide.mcu.externaltools.gnu-tools-for-stm32.13.3.rel1.win32_1.0.0.202411081344/tools/bin/../lib/gcc/arm-none-eabi/13.3.1/thumb/v7e-m+fp/hard/crtn.o
                0x20008000                        _estack = (ORIGIN (RAM) + LENGTH (RAM))
                0x00000200                        _Min_Heap_Size = 0x200
                0x00000400                        _Min_Stack_Size = 0x400

.isr_vector     0x08000000      0x1d8
                0x08000000                        . = ALIGN (0x4)
 *(.isr_vector)
 .isr_vector    0x08000000      0x1d8 ./Core/Startup/startup_stm32g431cbux.o
                0x08000000                g_pfnVectors
                0x080001d8                        . = ALIGN (0x4)

.text           0x080001e0     0x9894
                0x080001e0                        . = ALIGN (0x4)
 *(.text)
 .text          0x080001e0       0x40 C:/ST/STM32CubeIDE_1.19.0/STM32CubeIDE/plugins/com.st.stm32cube.ide.mcu.externaltools.gnu-tools-for-stm32.13.3.rel1.win32_1.0.0.202411081344/tools/bin/../lib/gcc/arm-none-eabi/13.3.1/thumb/v7e-m+fp/hard/crtbegin.o
 .text          0x08000220       0xa0 C:/ST/STM32CubeIDE_1.19.0/STM32CubeIDE/plugins/com.st.stm32cube.ide.mcu.externaltools.gnu-tools-for-stm32.13.3.rel1.win32_1.0.0.202411081344/tools/bin/../lib/gcc/arm-none-eabi/13.3.1/../../../../arm-none-eabi/lib/thumb/v7e-m+fp/hard\libc_nano.a(libc_a-memchr.o)
                0x08000220                memchr
 *(.text*)
 .text.debug_printf
                0x080002c0       0x6e ./Core/Src/main.o
 *fill*         0x0800032e        0x2 
 .text.HAL_FDCAN_RxFifo0Callback
                0x08000330      0x278 ./Core/Src/main.o
                0x08000330                HAL_FDCAN_RxFifo0Callback
 .text.main     0x080005a8      0x124 ./Core/Src/main.o
                0x080005a8                main
 .text.SystemClock_Config
                0x080006cc       0x96 ./Core/Src/main.o
                0x080006cc                SystemClock_Config
 *fill*         0x08000762        0x2 
 .text.MX_FDCAN1_Init
                0x08000764       0xec ./Core/Src/main.o
 .text.MX_TIM2_Init
                0x08000850       0x9c ./Core/Src/main.o
 .text.MX_GPIO_Init
                0x080008ec       0x94 ./Core/Src/main.o
 .text.Motor1_Control
                0x08000980       0x8e ./Core/Src/main.o
                0x08000980                Motor1_Control
 .text.Motor2_Control
                0x08000a0e       0x8e ./Core/Src/main.o
                0x08000a0e                Motor2_Control
 .text.Motor1_Sleep
                0x08000a9c       0x2a ./Core/Src/main.o
                0x08000a9c                Motor1_Sleep
 .text.Motor2_Sleep
                0x08000ac6       0x2a ./Core/Src/main.o
                0x08000ac6                Motor2_Sleep
 .text.SendStatus
                0x08000af0       0x7c ./Core/Src/main.o
                0x08000af0                SendStatus
 .text.Error_Handler
                0x08000b6c        0xc ./Core/Src/main.o
                0x08000b6c                Error_Handler
 .text.HAL_MspInit
                0x08000b78       0x48 ./Core/Src/stm32g4xx_hal_msp.o
                0x08000b78                HAL_MspInit
 .text.HAL_FDCAN_MspInit
                0x08000bc0       0xc8 ./Core/Src/stm32g4xx_hal_msp.o
                0x08000bc0                HAL_FDCAN_MspInit
 .text.HAL_TIM_Base_MspInit
                0x08000c88       0x3c ./Core/Src/stm32g4xx_hal_msp.o
                0x08000c88                HAL_TIM_Base_MspInit
 .text.NMI_Handler
                0x08000cc4        0x8 ./Core/Src/stm32g4xx_it.o
                0x08000cc4                NMI_Handler
 .text.HardFault_Handler
                0x08000ccc        0x8 ./Core/Src/stm32g4xx_it.o
                0x08000ccc                HardFault_Handler
 .text.MemManage_Handler
                0x08000cd4        0x8 ./Core/Src/stm32g4xx_it.o
                0x08000cd4                MemManage_Handler
 .text.BusFault_Handler
                0x08000cdc        0x8 ./Core/Src/stm32g4xx_it.o
                0x08000cdc                BusFault_Handler
 .text.UsageFault_Handler
                0x08000ce4        0x8 ./Core/Src/stm32g4xx_it.o
                0x08000ce4                UsageFault_Handler
 .text.SVC_Handler
                0x08000cec        0xe ./Core/Src/stm32g4xx_it.o
                0x08000cec                SVC_Handler
 .text.DebugMon_Handler
                0x08000cfa        0xe ./Core/Src/stm32g4xx_it.o
                0x08000cfa                DebugMon_Handler
 .text.PendSV_Handler
                0x08000d08        0xe ./Core/Src/stm32g4xx_it.o
                0x08000d08                PendSV_Handler
 .text.SysTick_Handler
                0x08000d16        0xc ./Core/Src/stm32g4xx_it.o
                0x08000d16                SysTick_Handler
 *fill*         0x08000d22        0x2 
 .text.USB_LP_IRQHandler
                0x08000d24       0x14 ./Core/Src/stm32g4xx_it.o
                0x08000d24                USB_LP_IRQHandler
 .text.FDCAN1_IT0_IRQHandler
                0x08000d38       0x14 ./Core/Src/stm32g4xx_it.o
                0x08000d38                FDCAN1_IT0_IRQHandler
 .text._sbrk    0x08000d4c       0x6c ./Core/Src/sysmem.o
                0x08000d4c                _sbrk
 .text.SystemInit
                0x08000db8       0x24 ./Core/Src/system_stm32g4xx.o
                0x08000db8                SystemInit
 .text.Reset_Handler
                0x08000ddc       0x50 ./Core/Startup/startup_stm32g431cbux.o
                0x08000ddc                Reset_Handler
 .text.Default_Handler
                0x08000e2c        0x2 ./Core/Startup/startup_stm32g431cbux.o
                0x08000e2c                RTC_Alarm_IRQHandler
                0x08000e2c                EXTI2_IRQHandler
                0x08000e2c                TIM8_TRG_COM_IRQHandler
                0x08000e2c                TIM8_CC_IRQHandler
                0x08000e2c                TIM1_CC_IRQHandler
                0x08000e2c                USB_HP_IRQHandler
                0x08000e2c                CORDIC_IRQHandler
                0x08000e2c                EXTI3_IRQHandler
                0x08000e2c                I2C3_ER_IRQHandler
                0x08000e2c                EXTI0_IRQHandler
                0x08000e2c                I2C2_EV_IRQHandler
                0x08000e2c                FPU_IRQHandler
                0x08000e2c                FDCAN1_IT1_IRQHandler
                0x08000e2c                TIM1_UP_TIM16_IRQHandler
                0x08000e2c                ADC1_2_IRQHandler
                0x08000e2c                SPI1_IRQHandler
                0x08000e2c                TIM6_DAC_IRQHandler
                0x08000e2c                TIM8_UP_IRQHandler
                0x08000e2c                DMA2_Channel2_IRQHandler
                0x08000e2c                DMA1_Channel4_IRQHandler
                0x08000e2c                USART3_IRQHandler
                0x08000e2c                TIM4_IRQHandler
                0x08000e2c                DMA2_Channel1_IRQHandler
                0x08000e2c                I2C1_EV_IRQHandler
                0x08000e2c                DMA1_Channel6_IRQHandler
                0x08000e2c                UART4_IRQHandler
                0x08000e2c                DMA2_Channel4_IRQHandler
                0x08000e2c                TIM3_IRQHandler
                0x08000e2c                RCC_IRQHandler
                0x08000e2c                DMA1_Channel1_IRQHandler
                0x08000e2c                Default_Handler
                0x08000e2c                RTC_TAMP_LSECSS_IRQHandler
                0x08000e2c                FMAC_IRQHandler
                0x08000e2c                EXTI15_10_IRQHandler
                0x08000e2c                TIM7_IRQHandler
                0x08000e2c                UCPD1_IRQHandler
                0x08000e2c                I2C3_EV_IRQHandler
                0x08000e2c                EXTI9_5_IRQHandler
                0x08000e2c                RTC_WKUP_IRQHandler
                0x08000e2c                PVD_PVM_IRQHandler
                0x08000e2c                SPI2_IRQHandler
                0x08000e2c                DMA2_Channel5_IRQHandler
                0x08000e2c                CRS_IRQHandler
                0x08000e2c                DMA1_Channel5_IRQHandler
                0x08000e2c                EXTI4_IRQHandler
                0x08000e2c                RNG_IRQHandler
                0x08000e2c                TIM1_TRG_COM_TIM17_IRQHandler
                0x08000e2c                DMA1_Channel3_IRQHandler
                0x08000e2c                WWDG_IRQHandler
                0x08000e2c                LPUART1_IRQHandler
                0x08000e2c                DMA2_Channel6_IRQHandler
                0x08000e2c                TIM2_IRQHandler
                0x08000e2c                COMP1_2_3_IRQHandler
                0x08000e2c                EXTI1_IRQHandler
                0x08000e2c                USART2_IRQHandler
                0x08000e2c                I2C2_ER_IRQHandler
                0x08000e2c                DMA1_Channel2_IRQHandler
                0x08000e2c                TIM8_BRK_IRQHandler
                0x08000e2c                FLASH_IRQHandler
                0x08000e2c                USART1_IRQHandler
                0x08000e2c                SPI3_IRQHandler
                0x08000e2c                I2C1_ER_IRQHandler
                0x08000e2c                LPTIM1_IRQHandler
                0x08000e2c                DMAMUX_OVR_IRQHandler
                0x08000e2c                USBWakeUp_IRQHandler
                0x08000e2c                SAI1_IRQHandler
                0x08000e2c                DMA2_Channel3_IRQHandler
                0x08000e2c                COMP4_IRQHandler
                0x08000e2c                TIM1_BRK_TIM15_IRQHandler
 .text.HAL_Init
                0x08000e2e       0x30 ./Drivers/STM32G4xx_HAL_Driver/Src/stm32g4xx_hal.o
                0x08000e2e                HAL_Init
 *fill*         0x08000e5e        0x2 
 .text.HAL_InitTick
                0x08000e60       0x74 ./Drivers/STM32G4xx_HAL_Driver/Src/stm32g4xx_hal.o
                0x08000e60                HAL_InitTick
 .text.HAL_IncTick
                0x08000ed4       0x24 ./Drivers/STM32G4xx_HAL_Driver/Src/stm32g4xx_hal.o
                0x08000ed4                HAL_IncTick
 .text.HAL_GetTick
                0x08000ef8       0x18 ./Drivers/STM32G4xx_HAL_Driver/Src/stm32g4xx_hal.o
                0x08000ef8                HAL_GetTick
 .text.__NVIC_SetPriorityGrouping
                0x08000f10       0x48 ./Drivers/STM32G4xx_HAL_Driver/Src/stm32g4xx_hal_cortex.o
 .text.__NVIC_GetPriorityGrouping
                0x08000f58       0x1c ./Drivers/STM32G4xx_HAL_Driver/Src/stm32g4xx_hal_cortex.o
 .text.__NVIC_EnableIRQ
                0x08000f74       0x3c ./Drivers/STM32G4xx_HAL_Driver/Src/stm32g4xx_hal_cortex.o
 .text.__NVIC_SetPriority
                0x08000fb0       0x54 ./Drivers/STM32G4xx_HAL_Driver/Src/stm32g4xx_hal_cortex.o
 .text.NVIC_EncodePriority
                0x08001004       0x66 ./Drivers/STM32G4xx_HAL_Driver/Src/stm32g4xx_hal_cortex.o
 *fill*         0x0800106a        0x2 
 .text.SysTick_Config
                0x0800106c       0x44 ./Drivers/STM32G4xx_HAL_Driver/Src/stm32g4xx_hal_cortex.o
 .text.HAL_NVIC_SetPriorityGrouping
                0x080010b0       0x16 ./Drivers/STM32G4xx_HAL_Driver/Src/stm32g4xx_hal_cortex.o
                0x080010b0                HAL_NVIC_SetPriorityGrouping
 .text.HAL_NVIC_SetPriority
                0x080010c6       0x34 ./Drivers/STM32G4xx_HAL_Driver/Src/stm32g4xx_hal_cortex.o
                0x080010c6                HAL_NVIC_SetPriority
 .text.HAL_NVIC_EnableIRQ
                0x080010fa       0x1c ./Drivers/STM32G4xx_HAL_Driver/Src/stm32g4xx_hal_cortex.o
                0x080010fa                HAL_NVIC_EnableIRQ
 .text.HAL_SYSTICK_Config
                0x08001116       0x18 ./Drivers/STM32G4xx_HAL_Driver/Src/stm32g4xx_hal_cortex.o
                0x08001116                HAL_SYSTICK_Config
 *fill*         0x0800112e        0x2 
 .text.HAL_FDCAN_Init
                0x08001130      0x2b4 ./Drivers/STM32G4xx_HAL_Driver/Src/stm32g4xx_hal_fdcan.o
                0x08001130                HAL_FDCAN_Init
 .text.HAL_FDCAN_ConfigFilter
                0x080013e4       0xb4 ./Drivers/STM32G4xx_HAL_Driver/Src/stm32g4xx_hal_fdcan.o
                0x080013e4                HAL_FDCAN_ConfigFilter
 .text.HAL_FDCAN_Start
                0x08001498       0x50 ./Drivers/STM32G4xx_HAL_Driver/Src/stm32g4xx_hal_fdcan.o
                0x08001498                HAL_FDCAN_Start
 .text.HAL_FDCAN_AddMessageToTxFifoQ
                0x080014e8       0x88 ./Drivers/STM32G4xx_HAL_Driver/Src/stm32g4xx_hal_fdcan.o
                0x080014e8                HAL_FDCAN_AddMessageToTxFifoQ
 .text.HAL_FDCAN_GetRxMessage
                0x08001570      0x210 ./Drivers/STM32G4xx_HAL_Driver/Src/stm32g4xx_hal_fdcan.o
                0x08001570                HAL_FDCAN_GetRxMessage
 .text.HAL_FDCAN_ActivateNotification
                0x08001780      0x1cc ./Drivers/STM32G4xx_HAL_Driver/Src/stm32g4xx_hal_fdcan.o
                0x08001780                HAL_FDCAN_ActivateNotification
 .text.HAL_FDCAN_IRQHandler
                0x0800194c      0x266 ./Drivers/STM32G4xx_HAL_Driver/Src/stm32g4xx_hal_fdcan.o
                0x0800194c                HAL_FDCAN_IRQHandler
 .text.HAL_FDCAN_TxEventFifoCallback
                0x08001bb2       0x16 ./Drivers/STM32G4xx_HAL_Driver/Src/stm32g4xx_hal_fdcan.o
                0x08001bb2                HAL_FDCAN_TxEventFifoCallback
 .text.HAL_FDCAN_RxFifo1Callback
                0x08001bc8       0x16 ./Drivers/STM32G4xx_HAL_Driver/Src/stm32g4xx_hal_fdcan.o
                0x08001bc8                HAL_FDCAN_RxFifo1Callback
 .text.HAL_FDCAN_TxFifoEmptyCallback
                0x08001bde       0x14 ./Drivers/STM32G4xx_HAL_Driver/Src/stm32g4xx_hal_fdcan.o
                0x08001bde                HAL_FDCAN_TxFifoEmptyCallback
 .text.HAL_FDCAN_TxBufferCompleteCallback
                0x08001bf2       0x16 ./Drivers/STM32G4xx_HAL_Driver/Src/stm32g4xx_hal_fdcan.o
                0x08001bf2                HAL_FDCAN_TxBufferCompleteCallback
 .text.HAL_FDCAN_TxBufferAbortCallback
                0x08001c08       0x16 ./Drivers/STM32G4xx_HAL_Driver/Src/stm32g4xx_hal_fdcan.o
                0x08001c08                HAL_FDCAN_TxBufferAbortCallback
 .text.HAL_FDCAN_TimestampWraparoundCallback
                0x08001c1e       0x14 ./Drivers/STM32G4xx_HAL_Driver/Src/stm32g4xx_hal_fdcan.o
                0x08001c1e                HAL_FDCAN_TimestampWraparoundCallback
 .text.HAL_FDCAN_TimeoutOccurredCallback
                0x08001c32       0x14 ./Drivers/STM32G4xx_HAL_Driver/Src/stm32g4xx_hal_fdcan.o
                0x08001c32                HAL_FDCAN_TimeoutOccurredCallback
 .text.HAL_FDCAN_HighPriorityMessageCallback
                0x08001c46       0x14 ./Drivers/STM32G4xx_HAL_Driver/Src/stm32g4xx_hal_fdcan.o
                0x08001c46                HAL_FDCAN_HighPriorityMessageCallback
 .text.HAL_FDCAN_ErrorCallback
                0x08001c5a       0x14 ./Drivers/STM32G4xx_HAL_Driver/Src/stm32g4xx_hal_fdcan.o
                0x08001c5a                HAL_FDCAN_ErrorCallback
 .text.HAL_FDCAN_ErrorStatusCallback
                0x08001c6e       0x16 ./Drivers/STM32G4xx_HAL_Driver/Src/stm32g4xx_hal_fdcan.o
                0x08001c6e                HAL_FDCAN_ErrorStatusCallback
 .text.FDCAN_CalcultateRamBlockAddresses
                0x08001c84       0xac ./Drivers/STM32G4xx_HAL_Driver/Src/stm32g4xx_hal_fdcan.o
 .text.FDCAN_CopyMessageToRAM
                0x08001d30       0xf8 ./Drivers/STM32G4xx_HAL_Driver/Src/stm32g4xx_hal_fdcan.o
 .text.HAL_GPIO_Init
                0x08001e28      0x304 ./Drivers/STM32G4xx_HAL_Driver/Src/stm32g4xx_hal_gpio.o
                0x08001e28                HAL_GPIO_Init
 .text.HAL_GPIO_WritePin
                0x0800212c       0x30 ./Drivers/STM32G4xx_HAL_Driver/Src/stm32g4xx_hal_gpio.o
                0x0800212c                HAL_GPIO_WritePin
 .text.HAL_PCD_Init
                0x0800215c      0x19c ./Drivers/STM32G4xx_HAL_Driver/Src/stm32g4xx_hal_pcd.o
                0x0800215c                HAL_PCD_Init
 .text.HAL_PCD_Start
                0x080022f8       0x44 ./Drivers/STM32G4xx_HAL_Driver/Src/stm32g4xx_hal_pcd.o
                0x080022f8                HAL_PCD_Start
 .text.HAL_PCD_IRQHandler
                0x0800233c      0x24e ./Drivers/STM32G4xx_HAL_Driver/Src/stm32g4xx_hal_pcd.o
                0x0800233c                HAL_PCD_IRQHandler
 .text.HAL_PCD_SetAddress
                0x0800258a       0x48 ./Drivers/STM32G4xx_HAL_Driver/Src/stm32g4xx_hal_pcd.o
                0x0800258a                HAL_PCD_SetAddress
 .text.HAL_PCD_EP_Open
                0x080025d2       0xbe ./Drivers/STM32G4xx_HAL_Driver/Src/stm32g4xx_hal_pcd.o
                0x080025d2                HAL_PCD_EP_Open
 .text.HAL_PCD_EP_Close
                0x08002690       0x90 ./Drivers/STM32G4xx_HAL_Driver/Src/stm32g4xx_hal_pcd.o
                0x08002690                HAL_PCD_EP_Close
 .text.HAL_PCD_EP_Receive
                0x08002720       0x62 ./Drivers/STM32G4xx_HAL_Driver/Src/stm32g4xx_hal_pcd.o
                0x08002720                HAL_PCD_EP_Receive
 .text.HAL_PCD_EP_GetRxCount
                0x08002782       0x30 ./Drivers/STM32G4xx_HAL_Driver/Src/stm32g4xx_hal_pcd.o
                0x08002782                HAL_PCD_EP_GetRxCount
 .text.HAL_PCD_EP_Transmit
                0x080027b2       0x6e ./Drivers/STM32G4xx_HAL_Driver/Src/stm32g4xx_hal_pcd.o
                0x080027b2                HAL_PCD_EP_Transmit
 .text.HAL_PCD_EP_SetStall
                0x08002820       0xa4 ./Drivers/STM32G4xx_HAL_Driver/Src/stm32g4xx_hal_pcd.o
                0x08002820                HAL_PCD_EP_SetStall
 .text.HAL_PCD_EP_ClrStall
                0x080028c4       0xa8 ./Drivers/STM32G4xx_HAL_Driver/Src/stm32g4xx_hal_pcd.o
                0x080028c4                HAL_PCD_EP_ClrStall
 .text.PCD_EP_ISR_Handler
                0x0800296c      0x68e ./Drivers/STM32G4xx_HAL_Driver/Src/stm32g4xx_hal_pcd.o
 .text.HAL_PCD_EP_DB_Receive
                0x08002ffa      0x212 ./Drivers/STM32G4xx_HAL_Driver/Src/stm32g4xx_hal_pcd.o
 .text.HAL_PCD_EP_DB_Transmit
                0x0800320c      0x878 ./Drivers/STM32G4xx_HAL_Driver/Src/stm32g4xx_hal_pcd.o
 .text.HAL_PCDEx_PMAConfig
                0x08003a84       0x86 ./Drivers/STM32G4xx_HAL_Driver/Src/stm32g4xx_hal_pcd_ex.o
                0x08003a84                HAL_PCDEx_PMAConfig
 .text.HAL_PCDEx_ActivateLPM
                0x08003b0a       0x54 ./Drivers/STM32G4xx_HAL_Driver/Src/stm32g4xx_hal_pcd_ex.o
                0x08003b0a                HAL_PCDEx_ActivateLPM
 *fill*         0x08003b5e        0x2 
 .text.HAL_PWREx_ControlVoltageScaling
                0x08003b60      0x148 ./Drivers/STM32G4xx_HAL_Driver/Src/stm32g4xx_hal_pwr_ex.o
                0x08003b60                HAL_PWREx_ControlVoltageScaling
 .text.HAL_PWREx_DisableUCPDDeadBattery
                0x08003ca8       0x20 ./Drivers/STM32G4xx_HAL_Driver/Src/stm32g4xx_hal_pwr_ex.o
                0x08003ca8                HAL_PWREx_DisableUCPDDeadBattery
 .text.HAL_RCC_OscConfig
                0x08003cc8      0x624 ./Drivers/STM32G4xx_HAL_Driver/Src/stm32g4xx_hal_rcc.o
                0x08003cc8                HAL_RCC_OscConfig
 .text.HAL_RCC_ClockConfig
                0x080042ec      0x278 ./Drivers/STM32G4xx_HAL_Driver/Src/stm32g4xx_hal_rcc.o
                0x080042ec                HAL_RCC_ClockConfig
 .text.HAL_RCC_GetSysClockFreq
                0x08004564       0xc4 ./Drivers/STM32G4xx_HAL_Driver/Src/stm32g4xx_hal_rcc.o
                0x08004564                HAL_RCC_GetSysClockFreq
 .text.RCC_GetSysClockFreqFromPLLSource
                0x08004628       0x8c ./Drivers/STM32G4xx_HAL_Driver/Src/stm32g4xx_hal_rcc.o
 .text.HAL_RCCEx_PeriphCLKConfig
                0x080046b4      0x3e0 ./Drivers/STM32G4xx_HAL_Driver/Src/stm32g4xx_hal_rcc_ex.o
                0x080046b4                HAL_RCCEx_PeriphCLKConfig
 .text.HAL_TIM_Base_Init
                0x08004a94       0xae ./Drivers/STM32G4xx_HAL_Driver/Src/stm32g4xx_hal_tim.o
                0x08004a94                HAL_TIM_Base_Init
 *fill*         0x08004b42        0x2 
 .text.HAL_TIM_ConfigClockSource
                0x08004b44      0x1f4 ./Drivers/STM32G4xx_HAL_Driver/Src/stm32g4xx_hal_tim.o
                0x08004b44                HAL_TIM_ConfigClockSource
 .text.TIM_Base_SetConfig
                0x08004d38      0x138 ./Drivers/STM32G4xx_HAL_Driver/Src/stm32g4xx_hal_tim.o
                0x08004d38                TIM_Base_SetConfig
 .text.TIM_TI1_ConfigInputStage
                0x08004e70       0x5e ./Drivers/STM32G4xx_HAL_Driver/Src/stm32g4xx_hal_tim.o
 .text.TIM_TI2_ConfigInputStage
                0x08004ece       0x60 ./Drivers/STM32G4xx_HAL_Driver/Src/stm32g4xx_hal_tim.o
 .text.TIM_ITRx_SetConfig
                0x08004f2e       0x3a ./Drivers/STM32G4xx_HAL_Driver/Src/stm32g4xx_hal_tim.o
 .text.TIM_ETR_SetConfig
                0x08004f68       0x40 ./Drivers/STM32G4xx_HAL_Driver/Src/stm32g4xx_hal_tim.o
                0x08004f68                TIM_ETR_SetConfig
 .text.HAL_TIMEx_MasterConfigSynchronization
                0x08004fa8      0x104 ./Drivers/STM32G4xx_HAL_Driver/Src/stm32g4xx_hal_tim_ex.o
                0x08004fa8                HAL_TIMEx_MasterConfigSynchronization
 .text.USB_EnableGlobalInt
                0x080050ac       0x2e ./Drivers/STM32G4xx_HAL_Driver/Src/stm32g4xx_ll_usb.o
                0x080050ac                USB_EnableGlobalInt
 .text.USB_DisableGlobalInt
                0x080050da       0x36 ./Drivers/STM32G4xx_HAL_Driver/Src/stm32g4xx_ll_usb.o
                0x080050da                USB_DisableGlobalInt
 .text.USB_DevInit
                0x08005110       0x3c ./Drivers/STM32G4xx_HAL_Driver/Src/stm32g4xx_ll_usb.o
                0x08005110                USB_DevInit
 .text.USB_ActivateEndpoint
                0x0800514c      0x9d0 ./Drivers/STM32G4xx_HAL_Driver/Src/stm32g4xx_ll_usb.o
                0x0800514c                USB_ActivateEndpoint
 .text.USB_DeactivateEndpoint
                0x08005b1c      0x3da ./Drivers/STM32G4xx_HAL_Driver/Src/stm32g4xx_ll_usb.o
                0x08005b1c                USB_DeactivateEndpoint
 .text.USB_EPStartXfer
                0x08005ef6      0xb5e ./Drivers/STM32G4xx_HAL_Driver/Src/stm32g4xx_ll_usb.o
                0x08005ef6                USB_EPStartXfer
 .text.USB_EPSetStall
                0x08006a54       0xa2 ./Drivers/STM32G4xx_HAL_Driver/Src/stm32g4xx_ll_usb.o
                0x08006a54                USB_EPSetStall
 .text.USB_EPClearStall
                0x08006af6      0x152 ./Drivers/STM32G4xx_HAL_Driver/Src/stm32g4xx_ll_usb.o
                0x08006af6                USB_EPClearStall
 .text.USB_SetDevAddress
                0x08006c48       0x28 ./Drivers/STM32G4xx_HAL_Driver/Src/stm32g4xx_ll_usb.o
                0x08006c48                USB_SetDevAddress
 .text.USB_DevConnect
                0x08006c70       0x2e ./Drivers/STM32G4xx_HAL_Driver/Src/stm32g4xx_ll_usb.o
                0x08006c70                USB_DevConnect
 .text.USB_ReadInterrupts
                0x08006c9e       0x20 ./Drivers/STM32G4xx_HAL_Driver/Src/stm32g4xx_ll_usb.o
                0x08006c9e                USB_ReadInterrupts
 .text.USB_WritePMA
                0x08006cbe       0x86 ./Drivers/STM32G4xx_HAL_Driver/Src/stm32g4xx_ll_usb.o
                0x08006cbe                USB_WritePMA
 .text.USB_ReadPMA
                0x08006d44       0x98 ./Drivers/STM32G4xx_HAL_Driver/Src/stm32g4xx_ll_usb.o
                0x08006d44                USB_ReadPMA
 .text.USBD_CDC_Init
                0x08006ddc       0xfe ./Middlewares/ST/STM32_USB_Device_Library/Class/CDC/Src/usbd_cdc.o
 .text.USBD_CDC_DeInit
                0x08006eda       0x74 ./Middlewares/ST/STM32_USB_Device_Library/Class/CDC/Src/usbd_cdc.o
 *fill*         0x08006f4e        0x2 
 .text.USBD_CDC_Setup
                0x08006f50      0x190 ./Middlewares/ST/STM32_USB_Device_Library/Class/CDC/Src/usbd_cdc.o
 .text.USBD_CDC_DataIn
                0x080070e0       0xca ./Middlewares/ST/STM32_USB_Device_Library/Class/CDC/Src/usbd_cdc.o
 .text.USBD_CDC_DataOut
                0x080071aa       0x56 ./Middlewares/ST/STM32_USB_Device_Library/Class/CDC/Src/usbd_cdc.o
 .text.USBD_CDC_EP0_RxReady
                0x08007200       0x58 ./Middlewares/ST/STM32_USB_Device_Library/Class/CDC/Src/usbd_cdc.o
 .text.USBD_CDC_GetFSCfgDesc
                0x08007258       0x20 ./Middlewares/ST/STM32_USB_Device_Library/Class/CDC/Src/usbd_cdc.o
 .text.USBD_CDC_GetHSCfgDesc
                0x08007278       0x20 ./Middlewares/ST/STM32_USB_Device_Library/Class/CDC/Src/usbd_cdc.o
 .text.USBD_CDC_GetOtherSpeedCfgDesc
                0x08007298       0x20 ./Middlewares/ST/STM32_USB_Device_Library/Class/CDC/Src/usbd_cdc.o
 .text.USBD_CDC_GetDeviceQualifierDescriptor
                0x080072b8       0x20 ./Middlewares/ST/STM32_USB_Device_Library/Class/CDC/Src/usbd_cdc.o
                0x080072b8                USBD_CDC_GetDeviceQualifierDescriptor
 .text.USBD_CDC_RegisterInterface
                0x080072d8       0x2a ./Middlewares/ST/STM32_USB_Device_Library/Class/CDC/Src/usbd_cdc.o
                0x080072d8                USBD_CDC_RegisterInterface
 .text.USBD_CDC_SetTxBuffer
                0x08007302       0x3c ./Middlewares/ST/STM32_USB_Device_Library/Class/CDC/Src/usbd_cdc.o
                0x08007302                USBD_CDC_SetTxBuffer
 .text.USBD_CDC_SetRxBuffer
                0x0800733e       0x32 ./Middlewares/ST/STM32_USB_Device_Library/Class/CDC/Src/usbd_cdc.o
                0x0800733e                USBD_CDC_SetRxBuffer
 .text.USBD_CDC_TransmitPacket
                0x08007370       0x60 ./Middlewares/ST/STM32_USB_Device_Library/Class/CDC/Src/usbd_cdc.o
                0x08007370                USBD_CDC_TransmitPacket
 .text.USBD_CDC_ReceivePacket
                0x080073d0       0x54 ./Middlewares/ST/STM32_USB_Device_Library/Class/CDC/Src/usbd_cdc.o
                0x080073d0                USBD_CDC_ReceivePacket
 .text.USBD_Init
                0x08007424       0x60 ./Middlewares/ST/STM32_USB_Device_Library/Core/Src/usbd_core.o
                0x08007424                USBD_Init
 .text.USBD_RegisterClass
                0x08007484       0x4e ./Middlewares/ST/STM32_USB_Device_Library/Core/Src/usbd_core.o
                0x08007484                USBD_RegisterClass
 .text.USBD_Start
                0x080074d2       0x18 ./Middlewares/ST/STM32_USB_Device_Library/Core/Src/usbd_core.o
                0x080074d2                USBD_Start
 .text.USBD_RunTestMode
                0x080074ea       0x16 ./Middlewares/ST/STM32_USB_Device_Library/Core/Src/usbd_core.o
                0x080074ea                USBD_RunTestMode
 .text.USBD_SetClassConfig
                0x08007500       0x38 ./Middlewares/ST/STM32_USB_Device_Library/Core/Src/usbd_core.o
                0x08007500                USBD_SetClassConfig
 .text.USBD_ClrClassConfig
                0x08007538       0x30 ./Middlewares/ST/STM32_USB_Device_Library/Core/Src/usbd_core.o
                0x08007538                USBD_ClrClassConfig
 .text.USBD_LL_SetupStage
                0x08007568       0xaa ./Middlewares/ST/STM32_USB_Device_Library/Core/Src/usbd_core.o
                0x08007568                USBD_LL_SetupStage
 .text.USBD_LL_DataOutStage
                0x08007612       0xc6 ./Middlewares/ST/STM32_USB_Device_Library/Core/Src/usbd_core.o
                0x08007612                USBD_LL_DataOutStage
 .text.USBD_LL_DataInStage
                0x080076d8      0x12c ./Middlewares/ST/STM32_USB_Device_Library/Core/Src/usbd_core.o
                0x080076d8                USBD_LL_DataInStage
 .text.USBD_LL_Reset
                0x08007804       0x9c ./Middlewares/ST/STM32_USB_Device_Library/Core/Src/usbd_core.o
                0x08007804                USBD_LL_Reset
 .text.USBD_LL_SetSpeed
                0x080078a0       0x20 ./Middlewares/ST/STM32_USB_Device_Library/Core/Src/usbd_core.o
                0x080078a0                USBD_LL_SetSpeed
 .text.USBD_LL_Suspend
                0x080078c0       0x2c ./Middlewares/ST/STM32_USB_Device_Library/Core/Src/usbd_core.o
                0x080078c0                USBD_LL_Suspend
 .text.USBD_LL_Resume
                0x080078ec       0x30 ./Middlewares/ST/STM32_USB_Device_Library/Core/Src/usbd_core.o
                0x080078ec                USBD_LL_Resume
 .text.USBD_LL_SOF
                0x0800791c       0x44 ./Middlewares/ST/STM32_USB_Device_Library/Core/Src/usbd_core.o
                0x0800791c                USBD_LL_SOF
 .text.SWAPBYTE
                0x08007960       0x3e ./Middlewares/ST/STM32_USB_Device_Library/Core/Src/usbd_ctlreq.o
 *fill*         0x0800799e        0x2 
 .text.USBD_StdDevReq
                0x080079a0       0xdc ./Middlewares/ST/STM32_USB_Device_Library/Core/Src/usbd_ctlreq.o
                0x080079a0                USBD_StdDevReq
 .text.USBD_StdItfReq
                0x08007a7c       0x92 ./Middlewares/ST/STM32_USB_Device_Library/Core/Src/usbd_ctlreq.o
                0x08007a7c                USBD_StdItfReq
 .text.USBD_StdEPReq
                0x08007b0e      0x2c4 ./Middlewares/ST/STM32_USB_Device_Library/Core/Src/usbd_ctlreq.o
                0x08007b0e                USBD_StdEPReq
 *fill*         0x08007dd2        0x2 
 .text.USBD_GetDescriptor
                0x08007dd4      0x328 ./Middlewares/ST/STM32_USB_Device_Library/Core/Src/usbd_ctlreq.o
 .text.USBD_SetAddress
                0x080080fc       0x88 ./Middlewares/ST/STM32_USB_Device_Library/Core/Src/usbd_ctlreq.o
 .text.USBD_SetConfig
                0x08008184      0x14c ./Middlewares/ST/STM32_USB_Device_Library/Core/Src/usbd_ctlreq.o
 .text.USBD_GetConfig
                0x080082d0       0x6c ./Middlewares/ST/STM32_USB_Device_Library/Core/Src/usbd_ctlreq.o
 .text.USBD_GetStatus
                0x0800833c       0x68 ./Middlewares/ST/STM32_USB_Device_Library/Core/Src/usbd_ctlreq.o
 .text.USBD_SetFeature
                0x080083a4       0x28 ./Middlewares/ST/STM32_USB_Device_Library/Core/Src/usbd_ctlreq.o
 .text.USBD_ClrFeature
                0x080083cc       0x44 ./Middlewares/ST/STM32_USB_Device_Library/Core/Src/usbd_ctlreq.o
 .text.USBD_ParseSetupRequest
                0x08008410       0x74 ./Middlewares/ST/STM32_USB_Device_Library/Core/Src/usbd_ctlreq.o
                0x08008410                USBD_ParseSetupRequest
 .text.USBD_CtlError
                0x08008484       0x22 ./Middlewares/ST/STM32_USB_Device_Library/Core/Src/usbd_ctlreq.o
                0x08008484                USBD_CtlError
 .text.USBD_GetString
                0x080084a6       0x8c ./Middlewares/ST/STM32_USB_Device_Library/Core/Src/usbd_ctlreq.o
                0x080084a6                USBD_GetString
 .text.USBD_GetLen
                0x08008532       0x34 ./Middlewares/ST/STM32_USB_Device_Library/Core/Src/usbd_ctlreq.o
 .text.USBD_CtlSendData
                0x08008566       0x36 ./Middlewares/ST/STM32_USB_Device_Library/Core/Src/usbd_ioreq.o
                0x08008566                USBD_CtlSendData
 .text.USBD_CtlContinueSendData
                0x0800859c       0x22 ./Middlewares/ST/STM32_USB_Device_Library/Core/Src/usbd_ioreq.o
                0x0800859c                USBD_CtlContinueSendData
 .text.USBD_CtlPrepareRx
                0x080085be       0x3a ./Middlewares/ST/STM32_USB_Device_Library/Core/Src/usbd_ioreq.o
                0x080085be                USBD_CtlPrepareRx
 .text.USBD_CtlContinueRx
                0x080085f8       0x22 ./Middlewares/ST/STM32_USB_Device_Library/Core/Src/usbd_ioreq.o
                0x080085f8                USBD_CtlContinueRx
 .text.USBD_CtlSendStatus
                0x0800861a       0x26 ./Middlewares/ST/STM32_USB_Device_Library/Core/Src/usbd_ioreq.o
                0x0800861a                USBD_CtlSendStatus
 .text.USBD_CtlReceiveStatus
                0x08008640       0x26 ./Middlewares/ST/STM32_USB_Device_Library/Core/Src/usbd_ioreq.o
                0x08008640                USBD_CtlReceiveStatus
 *fill*         0x08008666        0x2 
 .text.MX_USB_Device_Init
                0x08008668       0x60 ./USB_Device/App/usb_device.o
                0x08008668                MX_USB_Device_Init
 .text.CDC_Init_FS
                0x080086c8       0x28 ./USB_Device/App/usbd_cdc_if.o
 .text.CDC_DeInit_FS
                0x080086f0       0x10 ./USB_Device/App/usbd_cdc_if.o
 .text.CDC_Control_FS
                0x08008700       0xbc ./USB_Device/App/usbd_cdc_if.o
 .text.CDC_Receive_FS
                0x080087bc       0x28 ./USB_Device/App/usbd_cdc_if.o
 .text.CDC_Transmit_FS
                0x080087e4       0x4c ./USB_Device/App/usbd_cdc_if.o
                0x080087e4                CDC_Transmit_FS
 .text.CDC_TransmitCplt_FS
                0x08008830       0x22 ./USB_Device/App/usbd_cdc_if.o
 *fill*         0x08008852        0x2 
 .text.USBD_CDC_DeviceDescriptor
                0x08008854       0x24 ./USB_Device/App/usbd_desc.o
                0x08008854                USBD_CDC_DeviceDescriptor
 .text.USBD_CDC_LangIDStrDescriptor
                0x08008878       0x24 ./USB_Device/App/usbd_desc.o
                0x08008878                USBD_CDC_LangIDStrDescriptor
 .text.USBD_CDC_ProductStrDescriptor
                0x0800889c       0x3c ./USB_Device/App/usbd_desc.o
                0x0800889c                USBD_CDC_ProductStrDescriptor
 .text.USBD_CDC_ManufacturerStrDescriptor
                0x080088d8       0x28 ./USB_Device/App/usbd_desc.o
                0x080088d8                USBD_CDC_ManufacturerStrDescriptor
 .text.USBD_CDC_SerialStrDescriptor
                0x08008900       0x24 ./USB_Device/App/usbd_desc.o
                0x08008900                USBD_CDC_SerialStrDescriptor
 .text.USBD_CDC_ConfigStrDescriptor
                0x08008924       0x3c ./USB_Device/App/usbd_desc.o
                0x08008924                USBD_CDC_ConfigStrDescriptor
 .text.USBD_CDC_InterfaceStrDescriptor
                0x08008960       0x3c ./USB_Device/App/usbd_desc.o
                0x08008960                USBD_CDC_InterfaceStrDescriptor
 .text.Get_SerialNum
                0x0800899c       0x58 ./USB_Device/App/usbd_desc.o
 .text.IntToUnicode
                0x080089f4       0x7e ./USB_Device/App/usbd_desc.o
 *fill*         0x08008a72        0x2 
 .text.HAL_PCD_MspInit
                0x08008a74       0x78 ./USB_Device/Target/usbd_conf.o
                0x08008a74                HAL_PCD_MspInit
 .text.HAL_PCD_SetupStageCallback
                0x08008aec       0x24 ./USB_Device/Target/usbd_conf.o
                0x08008aec                HAL_PCD_SetupStageCallback
 .text.HAL_PCD_DataOutStageCallback
                0x08008b10       0x36 ./USB_Device/Target/usbd_conf.o
                0x08008b10                HAL_PCD_DataOutStageCallback
 .text.HAL_PCD_DataInStageCallback
                0x08008b46       0x34 ./USB_Device/Target/usbd_conf.o
                0x08008b46                HAL_PCD_DataInStageCallback
 .text.HAL_PCD_SOFCallback
                0x08008b7a       0x1c ./USB_Device/Target/usbd_conf.o
                0x08008b7a                HAL_PCD_SOFCallback
 .text.HAL_PCD_ResetCallback
                0x08008b96       0x3c ./USB_Device/Target/usbd_conf.o
                0x08008b96                HAL_PCD_ResetCallback
 *fill*         0x08008bd2        0x2 
 .text.HAL_PCD_SuspendCallback
                0x08008bd4       0x34 ./USB_Device/Target/usbd_conf.o
                0x08008bd4                HAL_PCD_SuspendCallback
 .text.HAL_PCD_ResumeCallback
                0x08008c08       0x38 ./USB_Device/Target/usbd_conf.o
                0x08008c08                HAL_PCD_ResumeCallback
 .text.USBD_LL_Init
                0x08008c40       0xc0 ./USB_Device/Target/usbd_conf.o
                0x08008c40                USBD_LL_Init
 .text.USBD_LL_Start
                0x08008d00       0x36 ./USB_Device/Target/usbd_conf.o
                0x08008d00                USBD_LL_Start
 .text.USBD_LL_OpenEP
                0x08008d36       0x4c ./USB_Device/Target/usbd_conf.o
                0x08008d36                USBD_LL_OpenEP
 .text.USBD_LL_CloseEP
                0x08008d82       0x3e ./USB_Device/Target/usbd_conf.o
                0x08008d82                USBD_LL_CloseEP
 .text.USBD_LL_StallEP
                0x08008dc0       0x3e ./USB_Device/Target/usbd_conf.o
                0x08008dc0                USBD_LL_StallEP
 .text.USBD_LL_ClearStallEP
                0x08008dfe       0x3e ./USB_Device/Target/usbd_conf.o
                0x08008dfe                USBD_LL_ClearStallEP
 .text.USBD_LL_IsStallEP
                0x08008e3c       0x58 ./USB_Device/Target/usbd_conf.o
                0x08008e3c                USBD_LL_IsStallEP
 .text.USBD_LL_SetUSBAddress
                0x08008e94       0x3e ./USB_Device/Target/usbd_conf.o
                0x08008e94                USBD_LL_SetUSBAddress
 .text.USBD_LL_Transmit
                0x08008ed2       0x42 ./USB_Device/Target/usbd_conf.o
                0x08008ed2                USBD_LL_Transmit
 .text.USBD_LL_PrepareReceive
                0x08008f14       0x42 ./USB_Device/Target/usbd_conf.o
                0x08008f14                USBD_LL_PrepareReceive
 .text.USBD_LL_GetRxDataSize
                0x08008f56       0x26 ./USB_Device/Target/usbd_conf.o
                0x08008f56                USBD_LL_GetRxDataSize
 .text.HAL_PCDEx_LPM_Callback
                0x08008f7c       0x6c ./USB_Device/Target/usbd_conf.o
                0x08008f7c                HAL_PCDEx_LPM_Callback
 .text.USBD_static_malloc
                0x08008fe8       0x1c ./USB_Device/Target/usbd_conf.o
                0x08008fe8                USBD_static_malloc
 .text.USBD_static_free
                0x08009004       0x14 ./USB_Device/Target/usbd_conf.o
                0x08009004                USBD_static_free
 .text.SystemClockConfig_Resume
                0x08009018        0xc ./USB_Device/Target/usbd_conf.o
 .text.USBD_Get_USB_Status
                0x08009024       0x58 ./USB_Device/Target/usbd_conf.o
 .text.snprintf
                0x0800907c       0x6c C:/ST/STM32CubeIDE_1.19.0/STM32CubeIDE/plugins/com.st.stm32cube.ide.mcu.externaltools.gnu-tools-for-stm32.13.3.rel1.win32_1.0.0.202411081344/tools/bin/../lib/gcc/arm-none-eabi/13.3.1/../../../../arm-none-eabi/lib/thumb/v7e-m+fp/hard\libc_nano.a(libc_a-snprintf.o)
                0x0800907c                sniprintf
                0x0800907c                snprintf
 .text._vsnprintf_r
                0x080090e8       0x5c C:/ST/STM32CubeIDE_1.19.0/STM32CubeIDE/plugins/com.st.stm32cube.ide.mcu.externaltools.gnu-tools-for-stm32.13.3.rel1.win32_1.0.0.202411081344/tools/bin/../lib/gcc/arm-none-eabi/13.3.1/../../../../arm-none-eabi/lib/thumb/v7e-m+fp/hard\libc_nano.a(libc_a-vsnprintf.o)
                0x080090e8                _vsniprintf_r
                0x080090e8                _vsnprintf_r
 .text.vsnprintf
                0x08009144       0x1c C:/ST/STM32CubeIDE_1.19.0/STM32CubeIDE/plugins/com.st.stm32cube.ide.mcu.externaltools.gnu-tools-for-stm32.13.3.rel1.win32_1.0.0.202411081344/tools/bin/../lib/gcc/arm-none-eabi/13.3.1/../../../../arm-none-eabi/lib/thumb/v7e-m+fp/hard\libc_nano.a(libc_a-vsnprintf.o)
                0x08009144                vsniprintf
                0x08009144                vsnprintf
 .text.memset   0x08009160       0x10 C:/ST/STM32CubeIDE_1.19.0/STM32CubeIDE/plugins/com.st.stm32cube.ide.mcu.externaltools.gnu-tools-for-stm32.13.3.rel1.win32_1.0.0.202411081344/tools/bin/../lib/gcc/arm-none-eabi/13.3.1/../../../../arm-none-eabi/lib/thumb/v7e-m+fp/hard\libc_nano.a(libc_a-memset.o)
                0x08009160                memset
 .text.__errno  0x08009170        0xc C:/ST/STM32CubeIDE_1.19.0/STM32CubeIDE/plugins/com.st.stm32cube.ide.mcu.externaltools.gnu-tools-for-stm32.13.3.rel1.win32_1.0.0.202411081344/tools/bin/../lib/gcc/arm-none-eabi/13.3.1/../../../../arm-none-eabi/lib/thumb/v7e-m+fp/hard\libc_nano.a(libc_a-errno.o)
                0x08009170                __errno
 .text.__libc_init_array
                0x0800917c       0x48 C:/ST/STM32CubeIDE_1.19.0/STM32CubeIDE/plugins/com.st.stm32cube.ide.mcu.externaltools.gnu-tools-for-stm32.13.3.rel1.win32_1.0.0.202411081344/tools/bin/../lib/gcc/arm-none-eabi/13.3.1/../../../../arm-none-eabi/lib/thumb/v7e-m+fp/hard\libc_nano.a(libc_a-init.o)
                0x0800917c                __libc_init_array
 .text.__retarget_lock_acquire_recursive
                0x080091c4        0x2 C:/ST/STM32CubeIDE_1.19.0/STM32CubeIDE/plugins/com.st.stm32cube.ide.mcu.externaltools.gnu-tools-for-stm32.13.3.rel1.win32_1.0.0.202411081344/tools/bin/../lib/gcc/arm-none-eabi/13.3.1/../../../../arm-none-eabi/lib/thumb/v7e-m+fp/hard\libc_nano.a(libc_a-lock.o)
                0x080091c4                __retarget_lock_acquire_recursive
 .text.__retarget_lock_release_recursive
                0x080091c6        0x2 C:/ST/STM32CubeIDE_1.19.0/STM32CubeIDE/plugins/com.st.stm32cube.ide.mcu.externaltools.gnu-tools-for-stm32.13.3.rel1.win32_1.0.0.202411081344/tools/bin/../lib/gcc/arm-none-eabi/13.3.1/../../../../arm-none-eabi/lib/thumb/v7e-m+fp/hard\libc_nano.a(libc_a-lock.o)
                0x080091c6                __retarget_lock_release_recursive
 .text._free_r  0x080091c8       0x94 C:/ST/STM32CubeIDE_1.19.0/STM32CubeIDE/plugins/com.st.stm32cube.ide.mcu.externaltools.gnu-tools-for-stm32.13.3.rel1.win32_1.0.0.202411081344/tools/bin/../lib/gcc/arm-none-eabi/13.3.1/../../../../arm-none-eabi/lib/thumb/v7e-m+fp/hard\libc_nano.a(libc_a-freer.o)
                0x080091c8                _free_r
 .text.sbrk_aligned
                0x0800925c       0x44 C:/ST/STM32CubeIDE_1.19.0/STM32CubeIDE/plugins/com.st.stm32cube.ide.mcu.externaltools.gnu-tools-for-stm32.13.3.rel1.win32_1.0.0.202411081344/tools/bin/../lib/gcc/arm-none-eabi/13.3.1/../../../../arm-none-eabi/lib/thumb/v7e-m+fp/hard\libc_nano.a(libc_a-mallocr.o)
 .text._malloc_r
                0x080092a0      0x100 C:/ST/STM32CubeIDE_1.19.0/STM32CubeIDE/plugins/com.st.stm32cube.ide.mcu.externaltools.gnu-tools-for-stm32.13.3.rel1.win32_1.0.0.202411081344/tools/bin/../lib/gcc/arm-none-eabi/13.3.1/../../../../arm-none-eabi/lib/thumb/v7e-m+fp/hard\libc_nano.a(libc_a-mallocr.o)
                0x080092a0                _malloc_r
 .text.__malloc_lock
                0x080093a0        0xc C:/ST/STM32CubeIDE_1.19.0/STM32CubeIDE/plugins/com.st.stm32cube.ide.mcu.externaltools.gnu-tools-for-stm32.13.3.rel1.win32_1.0.0.202411081344/tools/bin/../lib/gcc/arm-none-eabi/13.3.1/../../../../arm-none-eabi/lib/thumb/v7e-m+fp/hard\libc_nano.a(libc_a-mlock.o)
                0x080093a0                __malloc_lock
 .text.__malloc_unlock
                0x080093ac        0xc C:/ST/STM32CubeIDE_1.19.0/STM32CubeIDE/plugins/com.st.stm32cube.ide.mcu.externaltools.gnu-tools-for-stm32.13.3.rel1.win32_1.0.0.202411081344/tools/bin/../lib/gcc/arm-none-eabi/13.3.1/../../../../arm-none-eabi/lib/thumb/v7e-m+fp/hard\libc_nano.a(libc_a-mlock.o)
                0x080093ac                __malloc_unlock
 .text.__ssputs_r
                0x080093b8       0xb6 C:/ST/STM32CubeIDE_1.19.0/STM32CubeIDE/plugins/com.st.stm32cube.ide.mcu.externaltools.gnu-tools-for-stm32.13.3.rel1.win32_1.0.0.202411081344/tools/bin/../lib/gcc/arm-none-eabi/13.3.1/../../../../arm-none-eabi/lib/thumb/v7e-m+fp/hard\libc_nano.a(libc_a-nano-svfprintf.o)
                0x080093b8                __ssputs_r
 *fill*         0x0800946e        0x2 
 .text._svfprintf_r
                0x08009470      0x1f8 C:/ST/STM32CubeIDE_1.19.0/STM32CubeIDE/plugins/com.st.stm32cube.ide.mcu.externaltools.gnu-tools-for-stm32.13.3.rel1.win32_1.0.0.202411081344/tools/bin/../lib/gcc/arm-none-eabi/13.3.1/../../../../arm-none-eabi/lib/thumb/v7e-m+fp/hard\libc_nano.a(libc_a-nano-svfprintf.o)
                0x08009470                _svfiprintf_r
                0x08009470                _svfprintf_r
 .text._printf_common
                0x08009668       0xda C:/ST/STM32CubeIDE_1.19.0/STM32CubeIDE/plugins/com.st.stm32cube.ide.mcu.externaltools.gnu-tools-for-stm32.13.3.rel1.win32_1.0.0.202411081344/tools/bin/../lib/gcc/arm-none-eabi/13.3.1/../../../../arm-none-eabi/lib/thumb/v7e-m+fp/hard\libc_nano.a(libc_a-nano-vfprintf_i.o)
                0x08009668                _printf_common
 *fill*         0x08009742        0x2 
 .text._printf_i
                0x08009744      0x23c C:/ST/STM32CubeIDE_1.19.0/STM32CubeIDE/plugins/com.st.stm32cube.ide.mcu.externaltools.gnu-tools-for-stm32.13.3.rel1.win32_1.0.0.202411081344/tools/bin/../lib/gcc/arm-none-eabi/13.3.1/../../../../arm-none-eabi/lib/thumb/v7e-m+fp/hard\libc_nano.a(libc_a-nano-vfprintf_i.o)
                0x08009744                _printf_i
 .text.memmove  0x08009980       0x34 C:/ST/STM32CubeIDE_1.19.0/STM32CubeIDE/plugins/com.st.stm32cube.ide.mcu.externaltools.gnu-tools-for-stm32.13.3.rel1.win32_1.0.0.202411081344/tools/bin/../lib/gcc/arm-none-eabi/13.3.1/../../../../arm-none-eabi/lib/thumb/v7e-m+fp/hard\libc_nano.a(libc_a-memmove.o)
                0x08009980                memmove
 .text._sbrk_r  0x080099b4       0x20 C:/ST/STM32CubeIDE_1.19.0/STM32CubeIDE/plugins/com.st.stm32cube.ide.mcu.externaltools.gnu-tools-for-stm32.13.3.rel1.win32_1.0.0.202411081344/tools/bin/../lib/gcc/arm-none-eabi/13.3.1/../../../../arm-none-eabi/lib/thumb/v7e-m+fp/hard\libc_nano.a(libc_a-sbrkr.o)
                0x080099b4                _sbrk_r
 .text.memcpy   0x080099d4       0x1c C:/ST/STM32CubeIDE_1.19.0/STM32CubeIDE/plugins/com.st.stm32cube.ide.mcu.externaltools.gnu-tools-for-stm32.13.3.rel1.win32_1.0.0.202411081344/tools/bin/../lib/gcc/arm-none-eabi/13.3.1/../../../../arm-none-eabi/lib/thumb/v7e-m+fp/hard\libc_nano.a(libc_a-memcpy-stub.o)
                0x080099d4                memcpy
 .text._realloc_r
                0x080099f0       0x5c C:/ST/STM32CubeIDE_1.19.0/STM32CubeIDE/plugins/com.st.stm32cube.ide.mcu.externaltools.gnu-tools-for-stm32.13.3.rel1.win32_1.0.0.202411081344/tools/bin/../lib/gcc/arm-none-eabi/13.3.1/../../../../arm-none-eabi/lib/thumb/v7e-m+fp/hard\libc_nano.a(libc_a-reallocr.o)
                0x080099f0                _realloc_r
 .text._malloc_usable_size_r
                0x08009a4c       0x10 C:/ST/STM32CubeIDE_1.19.0/STM32CubeIDE/plugins/com.st.stm32cube.ide.mcu.externaltools.gnu-tools-for-stm32.13.3.rel1.win32_1.0.0.202411081344/tools/bin/../lib/gcc/arm-none-eabi/13.3.1/../../../../arm-none-eabi/lib/thumb/v7e-m+fp/hard\libc_nano.a(libc_a-msizer.o)
                0x08009a4c                _malloc_usable_size_r
 *(.glue_7)
 .glue_7        0x08009a5c        0x0 linker stubs
 *(.glue_7t)
 .glue_7t       0x08009a5c        0x0 linker stubs
 *(.eh_frame)
 .eh_frame      0x08009a5c        0x0 C:/ST/STM32CubeIDE_1.19.0/STM32CubeIDE/plugins/com.st.stm32cube.ide.mcu.externaltools.gnu-tools-for-stm32.13.3.rel1.win32_1.0.0.202411081344/tools/bin/../lib/gcc/arm-none-eabi/13.3.1/thumb/v7e-m+fp/hard/crtbegin.o
 *(.init)
 .init          0x08009a5c        0x4 C:/ST/STM32CubeIDE_1.19.0/STM32CubeIDE/plugins/com.st.stm32cube.ide.mcu.externaltools.gnu-tools-for-stm32.13.3.rel1.win32_1.0.0.202411081344/tools/bin/../lib/gcc/arm-none-eabi/13.3.1/thumb/v7e-m+fp/hard/crti.o
                0x08009a5c                _init
 .init          0x08009a60        0x8 C:/ST/STM32CubeIDE_1.19.0/STM32CubeIDE/plugins/com.st.stm32cube.ide.mcu.externaltools.gnu-tools-for-stm32.13.3.rel1.win32_1.0.0.202411081344/tools/bin/../lib/gcc/arm-none-eabi/13.3.1/thumb/v7e-m+fp/hard/crtn.o
 *(.fini)
 .fini          0x08009a68        0x4 C:/ST/STM32CubeIDE_1.19.0/STM32CubeIDE/plugins/com.st.stm32cube.ide.mcu.externaltools.gnu-tools-for-stm32.13.3.rel1.win32_1.0.0.202411081344/tools/bin/../lib/gcc/arm-none-eabi/13.3.1/thumb/v7e-m+fp/hard/crti.o
                0x08009a68                _fini
 .fini          0x08009a6c        0x8 C:/ST/STM32CubeIDE_1.19.0/STM32CubeIDE/plugins/com.st.stm32cube.ide.mcu.externaltools.gnu-tools-for-stm32.13.3.rel1.win32_1.0.0.202411081344/tools/bin/../lib/gcc/arm-none-eabi/13.3.1/thumb/v7e-m+fp/hard/crtn.o
                0x08009a74                        . = ALIGN (0x4)
                0x08009a74                        _etext = .

.vfp11_veneer   0x08009a74        0x0
 .vfp11_veneer  0x08009a74        0x0 linker stubs

.v4_bx          0x08009a74        0x0
 .v4_bx         0x08009a74        0x0 linker stubs

.iplt           0x08009a74        0x0
 .iplt          0x08009a74        0x0 C:/ST/STM32CubeIDE_1.19.0/STM32CubeIDE/plugins/com.st.stm32cube.ide.mcu.externaltools.gnu-tools-for-stm32.13.3.rel1.win32_1.0.0.202411081344/tools/bin/../lib/gcc/arm-none-eabi/13.3.1/thumb/v7e-m+fp/hard/crtbegin.o

.rodata         0x08009a74      0x2d0
                0x08009a74                        . = ALIGN (0x4)
 *(.rodata)
 .rodata        0x08009a74      0x231 ./Core/Src/main.o
 *fill*         0x08009ca5        0x3 
 .rodata        0x08009ca8       0x46 ./USB_Device/App/usbd_desc.o
 *(.rodata*)
 *fill*         0x08009cee        0x2 
 .rodata.AHBPrescTable
                0x08009cf0       0x10 ./Core/Src/system_stm32g4xx.o
                0x08009cf0                AHBPrescTable
 .rodata.DLCtoBytes
                0x08009d00       0x10 ./Drivers/STM32G4xx_HAL_Driver/Src/stm32g4xx_hal_fdcan.o
 .rodata._svfprintf_r.str1.1
                0x08009d10       0x33 C:/ST/STM32CubeIDE_1.19.0/STM32CubeIDE/plugins/com.st.stm32cube.ide.mcu.externaltools.gnu-tools-for-stm32.13.3.rel1.win32_1.0.0.202411081344/tools/bin/../lib/gcc/arm-none-eabi/13.3.1/../../../../arm-none-eabi/lib/thumb/v7e-m+fp/hard\libc_nano.a(libc_a-nano-svfprintf.o)
                                 0x11 (size before relaxing)
 .rodata._printf_i.str1.1
                0x08009d43       0x22 C:/ST/STM32CubeIDE_1.19.0/STM32CubeIDE/plugins/com.st.stm32cube.ide.mcu.externaltools.gnu-tools-for-stm32.13.3.rel1.win32_1.0.0.202411081344/tools/bin/../lib/gcc/arm-none-eabi/13.3.1/../../../../arm-none-eabi/lib/thumb/v7e-m+fp/hard\libc_nano.a(libc_a-nano-vfprintf_i.o)
                0x08009d68                        . = ALIGN (0x4)
 *fill*         0x08009d43        0x1 

.ARM.extab      0x08009d44        0x0
                0x08009d44                        . = ALIGN (0x4)
 *(.ARM.extab* .gnu.linkonce.armextab.*)
                0x08009d44                        . = ALIGN (0x4)

.ARM            0x08009d44        0x8
                0x08009d44                        . = ALIGN (0x4)
                0x08009d44                        __exidx_start = .
 *(.ARM.exidx*)
 .ARM.exidx     0x08009d44        0x8 C:/ST/STM32CubeIDE_1.19.0/STM32CubeIDE/plugins/com.st.stm32cube.ide.mcu.externaltools.gnu-tools-for-stm32.13.3.rel1.win32_1.0.0.202411081344/tools/bin/../lib/gcc/arm-none-eabi/13.3.1/../../../../arm-none-eabi/lib/thumb/v7e-m+fp/hard\libc_nano.a(libc_a-memchr.o)
                0x08009d4c                        __exidx_end = .
                0x08009d4c                        . = ALIGN (0x4)

.preinit_array  0x08009d4c        0x0
                0x08009d4c                        . = ALIGN (0x4)
                0x08009d4c                        PROVIDE (__preinit_array_start = .)
 *(.preinit_array*)
                0x08009d4c                        PROVIDE (__preinit_array_end = .)
                0x08009d4c                        . = ALIGN (0x4)

.init_array     0x08009d4c        0x4
                0x08009d4c                        . = ALIGN (0x4)
                0x08009d4c                        PROVIDE (__init_array_start = .)
 *(SORT_BY_NAME(.init_array.*))
 *(.init_array*)
 .init_array    0x08009d4c        0x4 C:/ST/STM32CubeIDE_1.19.0/STM32CubeIDE/plugins/com.st.stm32cube.ide.mcu.externaltools.gnu-tools-for-stm32.13.3.rel1.win32_1.0.0.202411081344/tools/bin/../lib/gcc/arm-none-eabi/13.3.1/thumb/v7e-m+fp/hard/crtbegin.o
                0x08009d50                        PROVIDE (__init_array_end = .)
                0x08009d50                        . = ALIGN (0x4)

.fini_array     0x08009d50        0x4
                0x08009d50                        . = ALIGN (0x4)
                [!provide]                        PROVIDE (__fini_array_start = .)
 *(SORT_BY_NAME(.fini_array.*))
 *(.fini_array*)
 .fini_array    0x08009d50        0x4 C:/ST/STM32CubeIDE_1.19.0/STM32CubeIDE/plugins/com.st.stm32cube.ide.mcu.externaltools.gnu-tools-for-stm32.13.3.rel1.win32_1.0.0.202411081344/tools/bin/../lib/gcc/arm-none-eabi/13.3.1/thumb/v7e-m+fp/hard/crtbegin.o
                [!provide]                        PROVIDE (__fini_array_end = .)
                0x08009d54                        . = ALIGN (0x4)
                0x08009d54                        _sidata = LOADADDR (.data)

.rel.dyn        0x08009d54        0x0
 .rel.iplt      0x08009d54        0x0 C:/ST/STM32CubeIDE_1.19.0/STM32CubeIDE/plugins/com.st.stm32cube.ide.mcu.externaltools.gnu-tools-for-stm32.13.3.rel1.win32_1.0.0.202411081344/tools/bin/../lib/gcc/arm-none-eabi/13.3.1/thumb/v7e-m+fp/hard/crtbegin.o

.data           0x20000000      0x1d4 load address 0x08009d54
                0x20000000                        . = ALIGN (0x4)
                0x20000000                        _sdata = .
 *(.data)
 *(.data*)
 .data.SystemCoreClock
                0x20000000        0x4 ./Core/Src/system_stm32g4xx.o
                0x20000000                SystemCoreClock
 .data.uwTickPrio
                0x20000004        0x4 ./Drivers/STM32G4xx_HAL_Driver/Src/stm32g4xx_hal.o
                0x20000004                uwTickPrio
 .data.uwTickFreq
                0x20000008        0x4 ./Drivers/STM32G4xx_HAL_Driver/Src/stm32g4xx_hal.o
                0x20000008                uwTickFreq
 .data.USBD_CDC_DeviceQualifierDesc
                0x2000000c        0xa ./Middlewares/ST/STM32_USB_Device_Library/Class/CDC/Src/usbd_cdc.o
 *fill*         0x20000016        0x2 
 .data.USBD_CDC
                0x20000018       0x38 ./Middlewares/ST/STM32_USB_Device_Library/Class/CDC/Src/usbd_cdc.o
                0x20000018                USBD_CDC
 .data.USBD_CDC_CfgHSDesc
                0x20000050       0x43 ./Middlewares/ST/STM32_USB_Device_Library/Class/CDC/Src/usbd_cdc.o
 *fill*         0x20000093        0x1 
 .data.USBD_CDC_CfgFSDesc
                0x20000094       0x43 ./Middlewares/ST/STM32_USB_Device_Library/Class/CDC/Src/usbd_cdc.o
 *fill*         0x200000d7        0x1 
 .data.USBD_CDC_OtherSpeedCfgDesc
                0x200000d8       0x43 ./Middlewares/ST/STM32_USB_Device_Library/Class/CDC/Src/usbd_cdc.o
 *fill*         0x2000011b        0x1 
 .data.USBD_Interface_fops_FS
                0x2000011c       0x14 ./USB_Device/App/usbd_cdc_if.o
                0x2000011c                USBD_Interface_fops_FS
 .data.CDC_Desc
                0x20000130       0x20 ./USB_Device/App/usbd_desc.o
                0x20000130                CDC_Desc
 .data.USBD_CDC_DeviceDesc
                0x20000150       0x12 ./USB_Device/App/usbd_desc.o
                0x20000150                USBD_CDC_DeviceDesc
 *fill*         0x20000162        0x2 
 .data.USBD_LangIDDesc
                0x20000164        0x4 ./USB_Device/App/usbd_desc.o
                0x20000164                USBD_LangIDDesc
 .data.USBD_StringSerial
                0x20000168       0x1a ./USB_Device/App/usbd_desc.o
                0x20000168                USBD_StringSerial
 *fill*         0x20000182        0x2 
 .data._impure_ptr
                0x20000184        0x4 C:/ST/STM32CubeIDE_1.19.0/STM32CubeIDE/plugins/com.st.stm32cube.ide.mcu.externaltools.gnu-tools-for-stm32.13.3.rel1.win32_1.0.0.202411081344/tools/bin/../lib/gcc/arm-none-eabi/13.3.1/../../../../arm-none-eabi/lib/thumb/v7e-m+fp/hard\libc_nano.a(libc_a-impure.o)
                0x20000184                _impure_ptr
 .data._impure_data
                0x20000188       0x4c C:/ST/STM32CubeIDE_1.19.0/STM32CubeIDE/plugins/com.st.stm32cube.ide.mcu.externaltools.gnu-tools-for-stm32.13.3.rel1.win32_1.0.0.202411081344/tools/bin/../lib/gcc/arm-none-eabi/13.3.1/../../../../arm-none-eabi/lib/thumb/v7e-m+fp/hard\libc_nano.a(libc_a-impure.o)
                0x20000188                _impure_data
 *(.RamFunc)
 *(.RamFunc*)
                0x200001d4                        . = ALIGN (0x4)
                0x200001d4                        _edata = .

.igot.plt       0x200001d4        0x0 load address 0x08009f28
 .igot.plt      0x200001d4        0x0 C:/ST/STM32CubeIDE_1.19.0/STM32CubeIDE/plugins/com.st.stm32cube.ide.mcu.externaltools.gnu-tools-for-stm32.13.3.rel1.win32_1.0.0.202411081344/tools/bin/../lib/gcc/arm-none-eabi/13.3.1/thumb/v7e-m+fp/hard/crtbegin.o
                0x200001d4                        . = ALIGN (0x4)

.bss            0x200001d4     0x1430 load address 0x08009f28
                0x200001d4                        _sbss = .
                0x200001d4                        __bss_start__ = _sbss
 *(.bss)
 .bss           0x200001d4       0x1c C:/ST/STM32CubeIDE_1.19.0/STM32CubeIDE/plugins/com.st.stm32cube.ide.mcu.externaltools.gnu-tools-for-stm32.13.3.rel1.win32_1.0.0.202411081344/tools/bin/../lib/gcc/arm-none-eabi/13.3.1/thumb/v7e-m+fp/hard/crtbegin.o
 *(.bss*)
 .bss.hfdcan1   0x200001f0       0x64 ./Core/Src/main.o
                0x200001f0                hfdcan1
 .bss.htim2     0x20000254       0x4c ./Core/Src/main.o
                0x20000254                htim2
 .bss.cmd       0x200002a0       0x10 ./Core/Src/main.o
                0x200002a0                cmd
 .bss.prepared  0x200002b0        0x1 ./Core/Src/main.o
                0x200002b0                prepared
 .bss.motion_active
                0x200002b1        0x1 ./Core/Src/main.o
                0x200002b1                motion_active
 *fill*         0x200002b2        0x2 
 .bss.motion_start_tick
                0x200002b4        0x4 ./Core/Src/main.o
                0x200002b4                motion_start_tick
 .bss.TxHeader  0x200002b8       0x24 ./Core/Src/main.o
                0x200002b8                TxHeader
 .bss.txData    0x200002dc        0x8 ./Core/Src/main.o
                0x200002dc                txData
 .bss.__sbrk_heap_end
                0x200002e4        0x4 ./Core/Src/sysmem.o
 .bss.uwTick    0x200002e8        0x4 ./Drivers/STM32G4xx_HAL_Driver/Src/stm32g4xx_hal.o
                0x200002e8                uwTick
 .bss.cfgidx.0  0x200002ec        0x1 ./Middlewares/ST/STM32_USB_Device_Library/Core/Src/usbd_ctlreq.o
 *fill*         0x200002ed        0x3 
 .bss.hUsbDeviceFS
                0x200002f0      0x2d0 ./USB_Device/App/usb_device.o
                0x200002f0                hUsbDeviceFS
 .bss.UserRxBufferFS
                0x200005c0      0x400 ./USB_Device/App/usbd_cdc_if.o
                0x200005c0                UserRxBufferFS
 .bss.UserTxBufferFS
                0x200009c0      0x400 ./USB_Device/App/usbd_cdc_if.o
                0x200009c0                UserTxBufferFS
 .bss.USBD_StrDesc
                0x20000dc0      0x200 ./USB_Device/App/usbd_desc.o
                0x20000dc0                USBD_StrDesc
 .bss.hpcd_USB_FS
                0x20000fc0      0x2dc ./USB_Device/Target/usbd_conf.o
                0x20000fc0                hpcd_USB_FS
 .bss.mem.0     0x2000129c      0x220 ./USB_Device/Target/usbd_conf.o
 .bss.__sf      0x200014bc      0x138 C:/ST/STM32CubeIDE_1.19.0/STM32CubeIDE/plugins/com.st.stm32cube.ide.mcu.externaltools.gnu-tools-for-stm32.13.3.rel1.win32_1.0.0.202411081344/tools/bin/../lib/gcc/arm-none-eabi/13.3.1/../../../../arm-none-eabi/lib/thumb/v7e-m+fp/hard\libc_nano.a(libc_a-findfp.o)
                0x200014bc                __sf
 .bss.errno     0x200015f4        0x4 C:/ST/STM32CubeIDE_1.19.0/STM32CubeIDE/plugins/com.st.stm32cube.ide.mcu.externaltools.gnu-tools-for-stm32.13.3.rel1.win32_1.0.0.202411081344/tools/bin/../lib/gcc/arm-none-eabi/13.3.1/../../../../arm-none-eabi/lib/thumb/v7e-m+fp/hard\libc_nano.a(libc_a-reent.o)
                0x200015f4                errno
 .bss.__lock___malloc_recursive_mutex
                0x200015f8        0x1 C:/ST/STM32CubeIDE_1.19.0/STM32CubeIDE/plugins/com.st.stm32cube.ide.mcu.externaltools.gnu-tools-for-stm32.13.3.rel1.win32_1.0.0.202411081344/tools/bin/../lib/gcc/arm-none-eabi/13.3.1/../../../../arm-none-eabi/lib/thumb/v7e-m+fp/hard\libc_nano.a(libc_a-lock.o)
                0x200015f8                __lock___malloc_recursive_mutex
 *fill*         0x200015f9        0x3 
 .bss.__malloc_sbrk_start
                0x200015fc        0x4 C:/ST/STM32CubeIDE_1.19.0/STM32CubeIDE/plugins/com.st.stm32cube.ide.mcu.externaltools.gnu-tools-for-stm32.13.3.rel1.win32_1.0.0.202411081344/tools/bin/../lib/gcc/arm-none-eabi/13.3.1/../../../../arm-none-eabi/lib/thumb/v7e-m+fp/hard\libc_nano.a(libc_a-mallocr.o)
                0x200015fc                __malloc_sbrk_start
 .bss.__malloc_free_list
                0x20001600        0x4 C:/ST/STM32CubeIDE_1.19.0/STM32CubeIDE/plugins/com.st.stm32cube.ide.mcu.externaltools.gnu-tools-for-stm32.13.3.rel1.win32_1.0.0.202411081344/tools/bin/../lib/gcc/arm-none-eabi/13.3.1/../../../../arm-none-eabi/lib/thumb/v7e-m+fp/hard\libc_nano.a(libc_a-mallocr.o)
                0x20001600                __malloc_free_list
 *(COMMON)
                0x20001604                        . = ALIGN (0x4)
                0x20001604                        _ebss = .
                0x20001604                        __bss_end__ = _ebss

._user_heap_stack
                0x20001604      0x604 load address 0x08009f28
                0x20001608                        . = ALIGN (0x8)
 *fill*         0x20001604        0x4 
                [!provide]                        PROVIDE (end = .)
                0x20001608                        PROVIDE (_end = .)
                0x20001808                        . = (. + _Min_Heap_Size)
 *fill*         0x20001608      0x200 
                0x20001c08                        . = (. + _Min_Stack_Size)
 *fill*         0x20001808      0x400 
                0x20001c08                        . = ALIGN (0x8)

/DISCARD/
 libc.a(*)
 libm.a(*)
 libgcc.a(*)

.ARM.attributes
                0x00000000       0x30
 *(.ARM.attributes)
 .ARM.attributes
                0x00000000       0x22 C:/ST/STM32CubeIDE_1.19.0/STM32CubeIDE/plugins/com.st.stm32cube.ide.mcu.externaltools.gnu-tools-for-stm32.13.3.rel1.win32_1.0.0.202411081344/tools/bin/../lib/gcc/arm-none-eabi/13.3.1/thumb/v7e-m+fp/hard/crti.o
 .ARM.attributes
                0x00000022       0x34 C:/ST/STM32CubeIDE_1.19.0/STM32CubeIDE/plugins/com.st.stm32cube.ide.mcu.externaltools.gnu-tools-for-stm32.13.3.rel1.win32_1.0.0.202411081344/tools/bin/../lib/gcc/arm-none-eabi/13.3.1/thumb/v7e-m+fp/hard/crtbegin.o
 .ARM.attributes
                0x00000056       0x34 ./Core/Src/main.o
 .ARM.attributes
                0x0000008a       0x34 ./Core/Src/stm32g4xx_hal_msp.o
 .ARM.attributes
                0x000000be       0x34 ./Core/Src/stm32g4xx_it.o
 .ARM.attributes
                0x000000f2       0x34 ./Core/Src/sysmem.o
 .ARM.attributes
                0x00000126       0x34 ./Core/Src/system_stm32g4xx.o
 .ARM.attributes
                0x0000015a       0x21 ./Core/Startup/startup_stm32g431cbux.o
 .ARM.attributes
                0x0000017b       0x34 ./Drivers/STM32G4xx_HAL_Driver/Src/stm32g4xx_hal.o
 .ARM.attributes
                0x000001af       0x34 ./Drivers/STM32G4xx_HAL_Driver/Src/stm32g4xx_hal_cortex.o
 .ARM.attributes
                0x000001e3       0x34 ./Drivers/STM32G4xx_HAL_Driver/Src/stm32g4xx_hal_fdcan.o
 .ARM.attributes
                0x00000217       0x34 ./Drivers/STM32G4xx_HAL_Driver/Src/stm32g4xx_hal_gpio.o
 .ARM.attributes
                0x0000024b       0x34 ./Drivers/STM32G4xx_HAL_Driver/Src/stm32g4xx_hal_pcd.o
 .ARM.attributes
                0x0000027f       0x34 ./Drivers/STM32G4xx_HAL_Driver/Src/stm32g4xx_hal_pcd_ex.o
 .ARM.attributes
                0x000002b3       0x34 ./Drivers/STM32G4xx_HAL_Driver/Src/stm32g4xx_hal_pwr_ex.o
 .ARM.attributes
                0x000002e7       0x34 ./Drivers/STM32G4xx_HAL_Driver/Src/stm32g4xx_hal_rcc.o
 .ARM.attributes
                0x0000031b       0x34 ./Drivers/STM32G4xx_HAL_Driver/Src/stm32g4xx_hal_rcc_ex.o
 .ARM.attributes
                0x0000034f       0x34 ./Drivers/STM32G4xx_HAL_Driver/Src/stm32g4xx_hal_tim.o
 .ARM.attributes
                0x00000383       0x34 ./Drivers/STM32G4xx_HAL_Driver/Src/stm32g4xx_hal_tim_ex.o
 .ARM.attributes
                0x000003b7       0x34 ./Drivers/STM32G4xx_HAL_Driver/Src/stm32g4xx_ll_usb.o
 .ARM.attributes
                0x000003eb       0x34 ./Middlewares/ST/STM32_USB_Device_Library/Class/CDC/Src/usbd_cdc.o
 .ARM.attributes
                0x0000041f       0x34 ./Middlewares/ST/STM32_USB_Device_Library/Core/Src/usbd_core.o
 .ARM.attributes
                0x00000453       0x34 ./Middlewares/ST/STM32_USB_Device_Library/Core/Src/usbd_ctlreq.o
 .ARM.attributes
                0x00000487       0x34 ./Middlewares/ST/STM32_USB_Device_Library/Core/Src/usbd_ioreq.o
 .ARM.attributes
                0x000004bb       0x34 ./USB_Device/App/usb_device.o
 .ARM.attributes
                0x000004ef       0x34 ./USB_Device/App/usbd_cdc_if.o
 .ARM.attributes
                0x00000523       0x34 ./USB_Device/App/usbd_desc.o
 .ARM.attributes
                0x00000557       0x34 ./USB_Device/Target/usbd_conf.o
 .ARM.attributes
                0x0000058b       0x34 C:/ST/STM32CubeIDE_1.19.0/STM32CubeIDE/plugins/com.st.stm32cube.ide.mcu.externaltools.gnu-tools-for-stm32.13.3.rel1.win32_1.0.0.202411081344/tools/bin/../lib/gcc/arm-none-eabi/13.3.1/../../../../arm-none-eabi/lib/thumb/v7e-m+fp/hard\libc_nano.a(libc_a-findfp.o)
 .ARM.attributes
                0x000005bf       0x34 C:/ST/STM32CubeIDE_1.19.0/STM32CubeIDE/plugins/com.st.stm32cube.ide.mcu.externaltools.gnu-tools-for-stm32.13.3.rel1.win32_1.0.0.202411081344/tools/bin/../lib/gcc/arm-none-eabi/13.3.1/../../../../arm-none-eabi/lib/thumb/v7e-m+fp/hard\libc_nano.a(libc_a-snprintf.o)
 .ARM.attributes
                0x000005f3       0x34 C:/ST/STM32CubeIDE_1.19.0/STM32CubeIDE/plugins/com.st.stm32cube.ide.mcu.externaltools.gnu-tools-for-stm32.13.3.rel1.win32_1.0.0.202411081344/tools/bin/../lib/gcc/arm-none-eabi/13.3.1/../../../../arm-none-eabi/lib/thumb/v7e-m+fp/hard\libc_nano.a(libc_a-vsnprintf.o)
 .ARM.attributes
                0x00000627       0x34 C:/ST/STM32CubeIDE_1.19.0/STM32CubeIDE/plugins/com.st.stm32cube.ide.mcu.externaltools.gnu-tools-for-stm32.13.3.rel1.win32_1.0.0.202411081344/tools/bin/../lib/gcc/arm-none-eabi/13.3.1/../../../../arm-none-eabi/lib/thumb/v7e-m+fp/hard\libc_nano.a(libc_a-memset.o)
 .ARM.attributes
                0x0000065b       0x34 C:/ST/STM32CubeIDE_1.19.0/STM32CubeIDE/plugins/com.st.stm32cube.ide.mcu.externaltools.gnu-tools-for-stm32.13.3.rel1.win32_1.0.0.202411081344/tools/bin/../lib/gcc/arm-none-eabi/13.3.1/../../../../arm-none-eabi/lib/thumb/v7e-m+fp/hard\libc_nano.a(libc_a-reent.o)
 .ARM.attributes
                0x0000068f       0x34 C:/ST/STM32CubeIDE_1.19.0/STM32CubeIDE/plugins/com.st.stm32cube.ide.mcu.externaltools.gnu-tools-for-stm32.13.3.rel1.win32_1.0.0.202411081344/tools/bin/../lib/gcc/arm-none-eabi/13.3.1/../../../../arm-none-eabi/lib/thumb/v7e-m+fp/hard\libc_nano.a(libc_a-impure.o)
 .ARM.attributes
                0x000006c3       0x34 C:/ST/STM32CubeIDE_1.19.0/STM32CubeIDE/plugins/com.st.stm32cube.ide.mcu.externaltools.gnu-tools-for-stm32.13.3.rel1.win32_1.0.0.202411081344/tools/bin/../lib/gcc/arm-none-eabi/13.3.1/../../../../arm-none-eabi/lib/thumb/v7e-m+fp/hard\libc_nano.a(libc_a-errno.o)
 .ARM.attributes
                0x000006f7       0x34 C:/ST/STM32CubeIDE_1.19.0/STM32CubeIDE/plugins/com.st.stm32cube.ide.mcu.externaltools.gnu-tools-for-stm32.13.3.rel1.win32_1.0.0.202411081344/tools/bin/../lib/gcc/arm-none-eabi/13.3.1/../../../../arm-none-eabi/lib/thumb/v7e-m+fp/hard\libc_nano.a(libc_a-init.o)
 .ARM.attributes
                0x0000072b       0x34 C:/ST/STM32CubeIDE_1.19.0/STM32CubeIDE/plugins/com.st.stm32cube.ide.mcu.externaltools.gnu-tools-for-stm32.13.3.rel1.win32_1.0.0.202411081344/tools/bin/../lib/gcc/arm-none-eabi/13.3.1/../../../../arm-none-eabi/lib/thumb/v7e-m+fp/hard\libc_nano.a(libc_a-lock.o)
 .ARM.attributes
                0x0000075f       0x34 C:/ST/STM32CubeIDE_1.19.0/STM32CubeIDE/plugins/com.st.stm32cube.ide.mcu.externaltools.gnu-tools-for-stm32.13.3.rel1.win32_1.0.0.202411081344/tools/bin/../lib/gcc/arm-none-eabi/13.3.1/../../../../arm-none-eabi/lib/thumb/v7e-m+fp/hard\libc_nano.a(libc_a-freer.o)
 .ARM.attributes
                0x00000793       0x34 C:/ST/STM32CubeIDE_1.19.0/STM32CubeIDE/plugins/com.st.stm32cube.ide.mcu.externaltools.gnu-tools-for-stm32.13.3.rel1.win32_1.0.0.202411081344/tools/bin/../lib/gcc/arm-none-eabi/13.3.1/../../../../arm-none-eabi/lib/thumb/v7e-m+fp/hard\libc_nano.a(libc_a-mallocr.o)
 .ARM.attributes
                0x000007c7       0x34 C:/ST/STM32CubeIDE_1.19.0/STM32CubeIDE/plugins/com.st.stm32cube.ide.mcu.externaltools.gnu-tools-for-stm32.13.3.rel1.win32_1.0.0.202411081344/tools/bin/../lib/gcc/arm-none-eabi/13.3.1/../../../../arm-none-eabi/lib/thumb/v7e-m+fp/hard\libc_nano.a(libc_a-mlock.o)
 .ARM.attributes
                0x000007fb       0x34 C:/ST/STM32CubeIDE_1.19.0/STM32CubeIDE/plugins/com.st.stm32cube.ide.mcu.externaltools.gnu-tools-for-stm32.13.3.rel1.win32_1.0.0.202411081344/tools/bin/../lib/gcc/arm-none-eabi/13.3.1/../../../../arm-none-eabi/lib/thumb/v7e-m+fp/hard\libc_nano.a(libc_a-nano-svfprintf.o)
 .ARM.attributes
                0x0000082f       0x34 C:/ST/STM32CubeIDE_1.19.0/STM32CubeIDE/plugins/com.st.stm32cube.ide.mcu.externaltools.gnu-tools-for-stm32.13.3.rel1.win32_1.0.0.202411081344/tools/bin/../lib/gcc/arm-none-eabi/13.3.1/../../../../arm-none-eabi/lib/thumb/v7e-m+fp/hard\libc_nano.a(libc_a-nano-vfprintf_i.o)
 .ARM.attributes
                0x00000863       0x34 C:/ST/STM32CubeIDE_1.19.0/STM32CubeIDE/plugins/com.st.stm32cube.ide.mcu.externaltools.gnu-tools-for-stm32.13.3.rel1.win32_1.0.0.202411081344/tools/bin/../lib/gcc/arm-none-eabi/13.3.1/../../../../arm-none-eabi/lib/thumb/v7e-m+fp/hard\libc_nano.a(libc_a-memmove.o)
 .ARM.attributes
                0x00000897       0x34 C:/ST/STM32CubeIDE_1.19.0/STM32CubeIDE/plugins/com.st.stm32cube.ide.mcu.externaltools.gnu-tools-for-stm32.13.3.rel1.win32_1.0.0.202411081344/tools/bin/../lib/gcc/arm-none-eabi/13.3.1/../../../../arm-none-eabi/lib/thumb/v7e-m+fp/hard\libc_nano.a(libc_a-sbrkr.o)
 .ARM.attributes
                0x000008cb       0x1c C:/ST/STM32CubeIDE_1.19.0/STM32CubeIDE/plugins/com.st.stm32cube.ide.mcu.externaltools.gnu-tools-for-stm32.13.3.rel1.win32_1.0.0.202411081344/tools/bin/../lib/gcc/arm-none-eabi/13.3.1/../../../../arm-none-eabi/lib/thumb/v7e-m+fp/hard\libc_nano.a(libc_a-memchr.o)
 .ARM.attributes
                0x000008e7       0x34 C:/ST/STM32CubeIDE_1.19.0/STM32CubeIDE/plugins/com.st.stm32cube.ide.mcu.externaltools.gnu-tools-for-stm32.13.3.rel1.win32_1.0.0.202411081344/tools/bin/../lib/gcc/arm-none-eabi/13.3.1/../../../../arm-none-eabi/lib/thumb/v7e-m+fp/hard\libc_nano.a(libc_a-memcpy-stub.o)
 .ARM.attributes
                0x0000091b       0x34 C:/ST/STM32CubeIDE_1.19.0/STM32CubeIDE/plugins/com.st.stm32cube.ide.mcu.externaltools.gnu-tools-for-stm32.13.3.rel1.win32_1.0.0.202411081344/tools/bin/../lib/gcc/arm-none-eabi/13.3.1/../../../../arm-none-eabi/lib/thumb/v7e-m+fp/hard\libc_nano.a(libc_a-reallocr.o)
 .ARM.attributes
                0x0000094f       0x34 C:/ST/STM32CubeIDE_1.19.0/STM32CubeIDE/plugins/com.st.stm32cube.ide.mcu.externaltools.gnu-tools-for-stm32.13.3.rel1.win32_1.0.0.202411081344/tools/bin/../lib/gcc/arm-none-eabi/13.3.1/../../../../arm-none-eabi/lib/thumb/v7e-m+fp/hard\libc_nano.a(libc_a-msizer.o)
 .ARM.attributes
                0x00000983       0x22 C:/ST/STM32CubeIDE_1.19.0/STM32CubeIDE/plugins/com.st.stm32cube.ide.mcu.externaltools.gnu-tools-for-stm32.13.3.rel1.win32_1.0.0.202411081344/tools/bin/../lib/gcc/arm-none-eabi/13.3.1/thumb/v7e-m+fp/hard/crtn.o
OUTPUT(MultiLinAct.elf elf32-littlearm)
LOAD linker stubs
LOAD C:/ST/STM32CubeIDE_1.19.0/STM32CubeIDE/plugins/com.st.stm32cube.ide.mcu.externaltools.gnu-tools-for-stm32.13.3.rel1.win32_1.0.0.202411081344/tools/bin/../lib/gcc/arm-none-eabi/13.3.1/../../../../arm-none-eabi/lib/thumb/v7e-m+fp/hard\libc.a
LOAD C:/ST/STM32CubeIDE_1.19.0/STM32CubeIDE/plugins/com.st.stm32cube.ide.mcu.externaltools.gnu-tools-for-stm32.13.3.rel1.win32_1.0.0.202411081344/tools/bin/../lib/gcc/arm-none-eabi/13.3.1/../../../../arm-none-eabi/lib/thumb/v7e-m+fp/hard\libm.a
LOAD C:/ST/STM32CubeIDE_1.19.0/STM32CubeIDE/plugins/com.st.stm32cube.ide.mcu.externaltools.gnu-tools-for-stm32.13.3.rel1.win32_1.0.0.202411081344/tools/bin/../lib/gcc/arm-none-eabi/13.3.1/thumb/v7e-m+fp/hard\libgcc.a

.debug_info     0x00000000    0x178df
 .debug_info    0x00000000     0x1cf3 ./Core/Src/main.o
 .debug_info    0x00001cf3     0x14cb ./Core/Src/stm32g4xx_hal_msp.o
 .debug_info    0x000031be      0xb2e ./Core/Src/stm32g4xx_it.o
 .debug_info    0x00003cec      0x168 ./Core/Src/sysmem.o
 .debug_info    0x00003e54      0x58e ./Core/Src/system_stm32g4xx.o
 .debug_info    0x000043e2       0x30 ./Core/Startup/startup_stm32g431cbux.o
 .debug_info    0x00004412      0xadb ./Drivers/STM32G4xx_HAL_Driver/Src/stm32g4xx_hal.o
 .debug_info    0x00004eed      0xd3f ./Drivers/STM32G4xx_HAL_Driver/Src/stm32g4xx_hal_cortex.o
 .debug_info    0x00005c2c     0x189c ./Drivers/STM32G4xx_HAL_Driver/Src/stm32g4xx_hal_fdcan.o
 .debug_info    0x000074c8      0x763 ./Drivers/STM32G4xx_HAL_Driver/Src/stm32g4xx_hal_gpio.o
 .debug_info    0x00007c2b     0x1610 ./Drivers/STM32G4xx_HAL_Driver/Src/stm32g4xx_hal_pcd.o
 .debug_info    0x0000923b      0x80a ./Drivers/STM32G4xx_HAL_Driver/Src/stm32g4xx_hal_pcd_ex.o
 .debug_info    0x00009a45      0x93f ./Drivers/STM32G4xx_HAL_Driver/Src/stm32g4xx_hal_pwr_ex.o
 .debug_info    0x0000a384      0xb82 ./Drivers/STM32G4xx_HAL_Driver/Src/stm32g4xx_hal_rcc.o
 .debug_info    0x0000af06      0xc15 ./Drivers/STM32G4xx_HAL_Driver/Src/stm32g4xx_hal_rcc_ex.o
 .debug_info    0x0000bb1b     0x2c52 ./Drivers/STM32G4xx_HAL_Driver/Src/stm32g4xx_hal_tim.o
 .debug_info    0x0000e76d     0x1d95 ./Drivers/STM32G4xx_HAL_Driver/Src/stm32g4xx_hal_tim_ex.o
 .debug_info    0x00010502     0x1577 ./Drivers/STM32G4xx_HAL_Driver/Src/stm32g4xx_ll_usb.o
 .debug_info    0x00011a79     0x1124 ./Middlewares/ST/STM32_USB_Device_Library/Class/CDC/Src/usbd_cdc.o
 .debug_info    0x00012b9d      0xb1b ./Middlewares/ST/STM32_USB_Device_Library/Core/Src/usbd_core.o
 .debug_info    0x000136b8      0xa57 ./Middlewares/ST/STM32_USB_Device_Library/Core/Src/usbd_ctlreq.o
 .debug_info    0x0001410f      0x720 ./Middlewares/ST/STM32_USB_Device_Library/Core/Src/usbd_ioreq.o
 .debug_info    0x0001482f      0x6d7 ./USB_Device/App/usb_device.o
 .debug_info    0x00014f06      0x8be ./USB_Device/App/usbd_cdc_if.o
 .debug_info    0x000157c4      0x45f ./USB_Device/App/usbd_desc.o
 .debug_info    0x00015c23     0x1cbc ./USB_Device/Target/usbd_conf.o

.debug_abbrev   0x00000000     0x3928
 .debug_abbrev  0x00000000      0x379 ./Core/Src/main.o
 .debug_abbrev  0x00000379      0x246 ./Core/Src/stm32g4xx_hal_msp.o
 .debug_abbrev  0x000005bf      0x192 ./Core/Src/stm32g4xx_it.o
 .debug_abbrev  0x00000751       0xbc ./Core/Src/sysmem.o
 .debug_abbrev  0x0000080d      0x11a ./Core/Src/system_stm32g4xx.o
 .debug_abbrev  0x00000927       0x24 ./Core/Startup/startup_stm32g431cbux.o
 .debug_abbrev  0x0000094b      0x271 ./Drivers/STM32G4xx_HAL_Driver/Src/stm32g4xx_hal.o
 .debug_abbrev  0x00000bbc      0x31c ./Drivers/STM32G4xx_HAL_Driver/Src/stm32g4xx_hal_cortex.o
 .debug_abbrev  0x00000ed8      0x1e7 ./Drivers/STM32G4xx_HAL_Driver/Src/stm32g4xx_hal_fdcan.o
 .debug_abbrev  0x000010bf      0x1cb ./Drivers/STM32G4xx_HAL_Driver/Src/stm32g4xx_hal_gpio.o
 .debug_abbrev  0x0000128a      0x2b9 ./Drivers/STM32G4xx_HAL_Driver/Src/stm32g4xx_hal_pcd.o
 .debug_abbrev  0x00001543      0x228 ./Drivers/STM32G4xx_HAL_Driver/Src/stm32g4xx_hal_pcd_ex.o
 .debug_abbrev  0x0000176b      0x22c ./Drivers/STM32G4xx_HAL_Driver/Src/stm32g4xx_hal_pwr_ex.o
 .debug_abbrev  0x00001997      0x2c9 ./Drivers/STM32G4xx_HAL_Driver/Src/stm32g4xx_hal_rcc.o
 .debug_abbrev  0x00001c60      0x258 ./Drivers/STM32G4xx_HAL_Driver/Src/stm32g4xx_hal_rcc_ex.o
 .debug_abbrev  0x00001eb8      0x2a7 ./Drivers/STM32G4xx_HAL_Driver/Src/stm32g4xx_hal_tim.o
 .debug_abbrev  0x0000215f      0x2c5 ./Drivers/STM32G4xx_HAL_Driver/Src/stm32g4xx_hal_tim_ex.o
 .debug_abbrev  0x00002424      0x247 ./Drivers/STM32G4xx_HAL_Driver/Src/stm32g4xx_ll_usb.o
 .debug_abbrev  0x0000266b      0x2bc ./Middlewares/ST/STM32_USB_Device_Library/Class/CDC/Src/usbd_cdc.o
 .debug_abbrev  0x00002927      0x24f ./Middlewares/ST/STM32_USB_Device_Library/Core/Src/usbd_core.o
 .debug_abbrev  0x00002b76      0x27e ./Middlewares/ST/STM32_USB_Device_Library/Core/Src/usbd_ctlreq.o
 .debug_abbrev  0x00002df4      0x1a9 ./Middlewares/ST/STM32_USB_Device_Library/Core/Src/usbd_ioreq.o
 .debug_abbrev  0x00002f9d      0x1a4 ./USB_Device/App/usb_device.o
 .debug_abbrev  0x00003141      0x2ad ./USB_Device/App/usbd_cdc_if.o
 .debug_abbrev  0x000033ee      0x20e ./USB_Device/App/usbd_desc.o
 .debug_abbrev  0x000035fc      0x32c ./USB_Device/Target/usbd_conf.o

.debug_aranges  0x00000000     0x1580
 .debug_aranges
                0x00000000       0x80 ./Core/Src/main.o
 .debug_aranges
                0x00000080       0x40 ./Core/Src/stm32g4xx_hal_msp.o
 .debug_aranges
                0x000000c0       0x70 ./Core/Src/stm32g4xx_it.o
 .debug_aranges
                0x00000130       0x20 ./Core/Src/sysmem.o
 .debug_aranges
                0x00000150       0x28 ./Core/Src/system_stm32g4xx.o
 .debug_aranges
                0x00000178       0x28 ./Core/Startup/startup_stm32g431cbux.o
 .debug_aranges
                0x000001a0      0x148 ./Drivers/STM32G4xx_HAL_Driver/Src/stm32g4xx_hal.o
 .debug_aranges
                0x000002e8      0x128 ./Drivers/STM32G4xx_HAL_Driver/Src/stm32g4xx_hal_cortex.o
 .debug_aranges
                0x00000410      0x208 ./Drivers/STM32G4xx_HAL_Driver/Src/stm32g4xx_hal_fdcan.o
 .debug_aranges
                0x00000618       0x58 ./Drivers/STM32G4xx_HAL_Driver/Src/stm32g4xx_hal_gpio.o
 .debug_aranges
                0x00000670      0x138 ./Drivers/STM32G4xx_HAL_Driver/Src/stm32g4xx_hal_pcd.o
 .debug_aranges
                0x000007a8       0x58 ./Drivers/STM32G4xx_HAL_Driver/Src/stm32g4xx_hal_pcd_ex.o
 .debug_aranges
                0x00000800      0x140 ./Drivers/STM32G4xx_HAL_Driver/Src/stm32g4xx_hal_pwr_ex.o
 .debug_aranges
                0x00000940       0x98 ./Drivers/STM32G4xx_HAL_Driver/Src/stm32g4xx_hal_rcc.o
 .debug_aranges
                0x000009d8       0xb0 ./Drivers/STM32G4xx_HAL_Driver/Src/stm32g4xx_hal_rcc_ex.o
 .debug_aranges
                0x00000a88      0x3e0 ./Drivers/STM32G4xx_HAL_Driver/Src/stm32g4xx_hal_tim.o
 .debug_aranges
                0x00000e68      0x240 ./Drivers/STM32G4xx_HAL_Driver/Src/stm32g4xx_hal_tim_ex.o
 .debug_aranges
                0x000010a8       0xc8 ./Drivers/STM32G4xx_HAL_Driver/Src/stm32g4xx_ll_usb.o
 .debug_aranges
                0x00001170       0x90 ./Middlewares/ST/STM32_USB_Device_Library/Class/CDC/Src/usbd_cdc.o
 .debug_aranges
                0x00001200       0xb8 ./Middlewares/ST/STM32_USB_Device_Library/Core/Src/usbd_core.o
 .debug_aranges
                0x000012b8       0x90 ./Middlewares/ST/STM32_USB_Device_Library/Core/Src/usbd_ctlreq.o
 .debug_aranges
                0x00001348       0x50 ./Middlewares/ST/STM32_USB_Device_Library/Core/Src/usbd_ioreq.o
 .debug_aranges
                0x00001398       0x20 ./USB_Device/App/usb_device.o
 .debug_aranges
                0x000013b8       0x48 ./USB_Device/App/usbd_cdc_if.o
 .debug_aranges
                0x00001400       0x60 ./USB_Device/App/usbd_desc.o
 .debug_aranges
                0x00001460      0x120 ./USB_Device/Target/usbd_conf.o

.debug_rnglists
                0x00000000     0x1055
 .debug_rnglists
                0x00000000       0x63 ./Core/Src/main.o
 .debug_rnglists
                0x00000063       0x2c ./Core/Src/stm32g4xx_hal_msp.o
 .debug_rnglists
                0x0000008f       0x4f ./Core/Src/stm32g4xx_it.o
 .debug_rnglists
                0x000000de       0x13 ./Core/Src/sysmem.o
 .debug_rnglists
                0x000000f1       0x1a ./Core/Src/system_stm32g4xx.o
 .debug_rnglists
                0x0000010b       0x19 ./Core/Startup/startup_stm32g431cbux.o
 .debug_rnglists
                0x00000124       0xf1 ./Drivers/STM32G4xx_HAL_Driver/Src/stm32g4xx_hal.o
 .debug_rnglists
                0x00000215       0xda ./Drivers/STM32G4xx_HAL_Driver/Src/stm32g4xx_hal_cortex.o
 .debug_rnglists
                0x000002ef      0x18d ./Drivers/STM32G4xx_HAL_Driver/Src/stm32g4xx_hal_fdcan.o
 .debug_rnglists
                0x0000047c       0x3f ./Drivers/STM32G4xx_HAL_Driver/Src/stm32g4xx_hal_gpio.o
 .debug_rnglists
                0x000004bb       0xee ./Drivers/STM32G4xx_HAL_Driver/Src/stm32g4xx_hal_pcd.o
 .debug_rnglists
                0x000005a9       0x3f ./Drivers/STM32G4xx_HAL_Driver/Src/stm32g4xx_hal_pcd_ex.o
 .debug_rnglists
                0x000005e8       0xf1 ./Drivers/STM32G4xx_HAL_Driver/Src/stm32g4xx_hal_pwr_ex.o
 .debug_rnglists
                0x000006d9       0x74 ./Drivers/STM32G4xx_HAL_Driver/Src/stm32g4xx_hal_rcc.o
 .debug_rnglists
                0x0000074d       0x87 ./Drivers/STM32G4xx_HAL_Driver/Src/stm32g4xx_hal_rcc_ex.o
 .debug_rnglists
                0x000007d4      0x328 ./Drivers/STM32G4xx_HAL_Driver/Src/stm32g4xx_hal_tim.o
 .debug_rnglists
                0x00000afc      0x1cc ./Drivers/STM32G4xx_HAL_Driver/Src/stm32g4xx_hal_tim_ex.o
 .debug_rnglists
                0x00000cc8       0x99 ./Drivers/STM32G4xx_HAL_Driver/Src/stm32g4xx_ll_usb.o
 .debug_rnglists
                0x00000d61       0x6a ./Middlewares/ST/STM32_USB_Device_Library/Class/CDC/Src/usbd_cdc.o
 .debug_rnglists
                0x00000dcb       0x89 ./Middlewares/ST/STM32_USB_Device_Library/Core/Src/usbd_core.o
 .debug_rnglists
                0x00000e54       0x6e ./Middlewares/ST/STM32_USB_Device_Library/Core/Src/usbd_ctlreq.o
 .debug_rnglists
                0x00000ec2       0x37 ./Middlewares/ST/STM32_USB_Device_Library/Core/Src/usbd_ioreq.o
 .debug_rnglists
                0x00000ef9       0x13 ./USB_Device/App/usb_device.o
 .debug_rnglists
                0x00000f0c       0x32 ./USB_Device/App/usbd_cdc_if.o
 .debug_rnglists
                0x00000f3e       0x43 ./USB_Device/App/usbd_desc.o
 .debug_rnglists
                0x00000f81       0xd4 ./USB_Device/Target/usbd_conf.o

.debug_macro    0x00000000    0x210b4
 .debug_macro   0x00000000      0x3b7 ./Core/Src/main.o
 .debug_macro   0x000003b7      0xad8 ./Core/Src/main.o
 .debug_macro   0x00000e8f      0x161 ./Core/Src/main.o
 .debug_macro   0x00000ff0       0x2e ./Core/Src/main.o
 .debug_macro   0x0000101e       0x28 ./Core/Src/main.o
 .debug_macro   0x00001046       0x22 ./Core/Src/main.o
 .debug_macro   0x00001068       0x8e ./Core/Src/main.o
 .debug_macro   0x000010f6       0x51 ./Core/Src/main.o
 .debug_macro   0x00001147      0x103 ./Core/Src/main.o
 .debug_macro   0x0000124a       0x6a ./Core/Src/main.o
 .debug_macro   0x000012b4      0x1df ./Core/Src/main.o
 .debug_macro   0x00001493       0x1c ./Core/Src/main.o
 .debug_macro   0x000014af       0x22 ./Core/Src/main.o
 .debug_macro   0x000014d1       0xfb ./Core/Src/main.o
 .debug_macro   0x000015cc     0x1011 ./Core/Src/main.o
 .debug_macro   0x000025dd      0x11f ./Core/Src/main.o
 .debug_macro   0x000026fc    0x1138f ./Core/Src/main.o
 .debug_macro   0x00013a8b       0x6d ./Core/Src/main.o
 .debug_macro   0x00013af8     0x3558 ./Core/Src/main.o
 .debug_macro   0x00017050      0x190 ./Core/Src/main.o
 .debug_macro   0x000171e0       0x5c ./Core/Src/main.o
 .debug_macro   0x0001723c     0x141d ./Core/Src/main.o
 .debug_macro   0x00018659      0x535 ./Core/Src/main.o
 .debug_macro   0x00018b8e      0x1b6 ./Core/Src/main.o
 .debug_macro   0x00018d44      0x288 ./Core/Src/main.o
 .debug_macro   0x00018fcc      0x41d ./Core/Src/main.o
 .debug_macro   0x000193e9      0x18b ./Core/Src/main.o
 .debug_macro   0x00019574       0x43 ./Core/Src/main.o
 .debug_macro   0x000195b7      0x23d ./Core/Src/main.o
 .debug_macro   0x000197f4      0x211 ./Core/Src/main.o
 .debug_macro   0x00019a05      0x6bd ./Core/Src/main.o
 .debug_macro   0x0001a0c2      0x401 ./Core/Src/main.o
 .debug_macro   0x0001a4c3      0x107 ./Core/Src/main.o
 .debug_macro   0x0001a5ca       0x73 ./Core/Src/main.o
 .debug_macro   0x0001a63d      0x22d ./Core/Src/main.o
 .debug_macro   0x0001a86a      0x122 ./Core/Src/main.o
 .debug_macro   0x0001a98c      0x3d1 ./Core/Src/main.o
 .debug_macro   0x0001ad5d      0xbda ./Core/Src/main.o
 .debug_macro   0x0001b937      0x47e ./Core/Src/main.o
 .debug_macro   0x0001bdb5      0x306 ./Core/Src/main.o
 .debug_macro   0x0001c0bb       0x4c ./Core/Src/main.o
 .debug_macro   0x0001c107       0x61 ./Core/Src/main.o
 .debug_macro   0x0001c168       0x2a ./Core/Src/main.o
 .debug_macro   0x0001c192       0x43 ./Core/Src/main.o
 .debug_macro   0x0001c1d5       0x34 ./Core/Src/main.o
 .debug_macro   0x0001c209       0x16 ./Core/Src/main.o
 .debug_macro   0x0001c21f       0x3c ./Core/Src/main.o
 .debug_macro   0x0001c25b      0x370 ./Core/Src/main.o
 .debug_macro   0x0001c5cb       0x10 ./Core/Src/main.o
 .debug_macro   0x0001c5db       0x16 ./Core/Src/main.o
 .debug_macro   0x0001c5f1       0x4a ./Core/Src/main.o
 .debug_macro   0x0001c63b       0x34 ./Core/Src/main.o
 .debug_macro   0x0001c66f       0x10 ./Core/Src/main.o
 .debug_macro   0x0001c67f       0x58 ./Core/Src/main.o
 .debug_macro   0x0001c6d7       0x8e ./Core/Src/main.o
 .debug_macro   0x0001c765       0x1c ./Core/Src/main.o
 .debug_macro   0x0001c781      0x185 ./Core/Src/main.o
 .debug_macro   0x0001c906       0x16 ./Core/Src/main.o
 .debug_macro   0x0001c91c       0x16 ./Core/Src/main.o
 .debug_macro   0x0001c932      0x146 ./Core/Src/main.o
 .debug_macro   0x0001ca78       0x16 ./Core/Src/main.o
 .debug_macro   0x0001ca8e       0x16 ./Core/Src/main.o
 .debug_macro   0x0001caa4       0x29 ./Core/Src/main.o
 .debug_macro   0x0001cacd       0x16 ./Core/Src/main.o
 .debug_macro   0x0001cae3       0x20 ./Core/Src/main.o
 .debug_macro   0x0001cb03       0x5f ./Core/Src/main.o
 .debug_macro   0x0001cb62      0x1ef ./Core/Src/main.o
 .debug_macro   0x0001cd51       0x22 ./Core/Src/main.o
 .debug_macro   0x0001cd73       0x95 ./Core/Src/main.o
 .debug_macro   0x0001ce08       0x10 ./Core/Src/main.o
 .debug_macro   0x0001ce18       0x4c ./Core/Src/main.o
 .debug_macro   0x0001ce64      0x1f7 ./Core/Src/stm32g4xx_hal_msp.o
 .debug_macro   0x0001d05b      0x201 ./Core/Src/stm32g4xx_it.o
 .debug_macro   0x0001d25c      0x112 ./Core/Src/sysmem.o
 .debug_macro   0x0001d36e      0x23c ./Core/Src/sysmem.o
 .debug_macro   0x0001d5aa      0x1e8 ./Core/Src/system_stm32g4xx.o
 .debug_macro   0x0001d792      0x236 ./Drivers/STM32G4xx_HAL_Driver/Src/stm32g4xx_hal.o
 .debug_macro   0x0001d9c8      0x1e8 ./Drivers/STM32G4xx_HAL_Driver/Src/stm32g4xx_hal_cortex.o
 .debug_macro   0x0001dbb0      0x2fa ./Drivers/STM32G4xx_HAL_Driver/Src/stm32g4xx_hal_fdcan.o
 .debug_macro   0x0001deaa      0x1ef ./Drivers/STM32G4xx_HAL_Driver/Src/stm32g4xx_hal_gpio.o
 .debug_macro   0x0001e099      0x1f4 ./Drivers/STM32G4xx_HAL_Driver/Src/stm32g4xx_hal_pcd.o
 .debug_macro   0x0001e28d      0x1e8 ./Drivers/STM32G4xx_HAL_Driver/Src/stm32g4xx_hal_pcd_ex.o
 .debug_macro   0x0001e475      0x212 ./Drivers/STM32G4xx_HAL_Driver/Src/stm32g4xx_hal_pwr_ex.o
 .debug_macro   0x0001e687      0x22a ./Drivers/STM32G4xx_HAL_Driver/Src/stm32g4xx_hal_rcc.o
 .debug_macro   0x0001e8b1      0x212 ./Drivers/STM32G4xx_HAL_Driver/Src/stm32g4xx_hal_rcc_ex.o
 .debug_macro   0x0001eac3      0x1f0 ./Drivers/STM32G4xx_HAL_Driver/Src/stm32g4xx_hal_tim.o
 .debug_macro   0x0001ecb3      0x1ee ./Drivers/STM32G4xx_HAL_Driver/Src/stm32g4xx_hal_tim_ex.o
 .debug_macro   0x0001eea1      0x1e8 ./Drivers/STM32G4xx_HAL_Driver/Src/stm32g4xx_ll_usb.o
 .debug_macro   0x0001f089      0x377 ./Middlewares/ST/STM32_USB_Device_Library/Class/CDC/Src/usbd_cdc.o
 .debug_macro   0x0001f400       0x9e ./Middlewares/ST/STM32_USB_Device_Library/Class/CDC/Src/usbd_cdc.o
 .debug_macro   0x0001f49e      0x112 ./Middlewares/ST/STM32_USB_Device_Library/Class/CDC/Src/usbd_cdc.o
 .debug_macro   0x0001f5b0       0x56 ./Middlewares/ST/STM32_USB_Device_Library/Class/CDC/Src/usbd_cdc.o
 .debug_macro   0x0001f606      0x35e ./Middlewares/ST/STM32_USB_Device_Library/Core/Src/usbd_core.o
 .debug_macro   0x0001f964      0x1f5 ./Middlewares/ST/STM32_USB_Device_Library/Core/Src/usbd_core.o
 .debug_macro   0x0001fb59      0x368 ./Middlewares/ST/STM32_USB_Device_Library/Core/Src/usbd_ctlreq.o
 .debug_macro   0x0001fec1      0x364 ./Middlewares/ST/STM32_USB_Device_Library/Core/Src/usbd_ioreq.o
 .debug_macro   0x00020225      0x39d ./USB_Device/App/usb_device.o
 .debug_macro   0x000205c2       0x22 ./USB_Device/App/usb_device.o
 .debug_macro   0x000205e4       0x16 ./USB_Device/App/usb_device.o
 .debug_macro   0x000205fa      0x382 ./USB_Device/App/usbd_cdc_if.o
 .debug_macro   0x0002097c      0x39b ./USB_Device/App/usbd_desc.o
 .debug_macro   0x00020d17       0x1c ./USB_Device/App/usbd_desc.o
 .debug_macro   0x00020d33      0x381 ./USB_Device/Target/usbd_conf.o
