../Core/Src/main.c:90:5:_write	24	static
../Core/Src/main.c:132:6:Motor_Start	8	static
../Core/Src/main.c:137:6:Motor_Stop	8	static
../Core/Src/main.c:142:6:Motor_Forward	8	static
../Core/Src/main.c:147:6:Motor_Reverse	8	static
../Core/Src/main.c:155:13:Motor_SnapSpeed	16	static
../Core/Src/main.c:180:13:Motor_RampTick	8	static
../Core/Src/main.c:228:13:Motor_RequestDirection	16	static
../Core/Src/main.c:247:13:handle_safety_frame	16	static
../Core/Src/main.c:271:13:handle_screw_conveyer_frame	24	static
../Core/Src/main.c:339:5:main	16	static
../Core/Src/main.c:498:6:SystemClock_Config	88	static
../Core/Src/main.c:545:13:MX_LPUART1_UART_Init	8	static
../Core/Src/main.c:592:13:MX_SPI1_Init	8	static
../Core/Src/main.c:632:13:MX_TIM1_Init	120	static
../Core/Src/main.c:714:13:MX_GPIO_Init	48	static
../Core/Src/main.c:772:6:Error_Handler	4	static,ignoring_inline_asm
