../Core/Src/main.c:76:6:CDC_ProcessCommand	48	static
../Core/Src/main.c:141:5:main	16	static
../Core/Src/main.c:217:6:SystemClock_Config	88	static
../Core/Src/main.c:264:13:MX_FDCAN1_Init	8	static
../Core/Src/main.c:307:13:MX_TIM2_Init	40	static
../Core/Src/main.c:352:13:MX_GPIO_Init	40	static
../Core/Src/main.c:383:6:Motor1_Control	16	static
../Core/Src/main.c:398:6:Motor2_Control	16	static
../Core/Src/main.c:413:6:Motor1_Sleep	16	static
../Core/Src/main.c:418:6:Motor2_Sleep	16	static
../Core/Src/main.c:428:6:Error_Handler	4	static,ignoring_inline_asm
