../Core/Src/main.c:183:16:parse_can_tx_payload	88	static
../Core/Src/main.c:217:13:mqtt_can_rx_pub_cb	16	static
../Core/Src/main.c:229:13:mqtt_publish_can_rx	136	static
../Core/Src/main.c:265:13:mqtt_handle_led_command	16	static
../Core/Src/main.c:291:13:mqtt_handshake_pub_cb	16	static
../Core/Src/main.c:303:13:mqtt_send_handshake_ack	32	static
../Core/Src/main.c:319:13:mqtt_heartbeat_pub_cb	16	static
../Core/Src/main.c:330:13:mqtt_send_heartbeat_ack	32	static
../Core/Src/main.c:346:13:heartbeat_broadcast_emergency_stop	24	static
../Core/Src/main.c:367:13:mqtt_incoming_publish_cb	24	static
../Core/Src/main.c:379:13:mqtt_incoming_data_cb	48	static
../Core/Src/main.c:490:13:mqtt_sub_request_cb	24	static
../Core/Src/main.c:504:13:mqtt_connection_cb	40	static
../Core/Src/main.c:540:13:mqtt_try_connect	56	static
../Core/Src/main.c:585:5:main	24	static
../Core/Src/main.c:855:6:SystemClock_Config	120	static
../Core/Src/main.c:915:13:MX_SPI1_Init	8	static
../Core/Src/main.c:963:13:MX_GPIO_Init	48	static
../Core/Src/main.c:1023:6:Error_Handler	4	static,ignoring_inline_asm
