../Core/Src/main.c:64:6:Motor_SetSpeed	24	static
../Core/Src/main.c:93:6:Motor_Stop	4	static
../Core/Src/main.c:101:6:Motor_Coast	4	static
../Core/Src/main.c:109:5:Motor_IsFault	8	static
../Core/Src/main.c:115:6:Motor_Enable	16	static
../Core/Src/main.c:125:5:main	8	static
../Core/Src/main.c:171:6:SystemClock_Config	88	static
../Core/Src/main.c:218:13:MX_TIM1_Init	120	static
../Core/Src/main.c:300:13:MX_GPIO_Init	48	static
../Core/Src/main.c:343:13:Motor_Init	32	static
../Core/Src/main.c:389:6:Error_Handler	4	static,ignoring_inline_asm
