../Core/Src/main.c:80:6:go	8	static
../Core/Src/main.c:109:6:back	8	static
../Core/Src/main.c:136:6:brake	4	static
../Core/Src/main.c:147:6:sleep	8	static
../Core/Src/main.c:171:6:changespeed	24	static
../Core/Src/main.c:197:5:main	8	static
../Core/Src/main.c:284:6:SystemClock_Config	88	static
../Core/Src/main.c:330:13:MX_FDCAN1_Init	8	static
../Core/Src/main.c:373:13:MX_TIM1_Init	120	static
../Core/Src/main.c:454:13:MX_TIM2_Init	88	static
../Core/Src/main.c:532:13:MX_TIM3_Init	88	static
../Core/Src/main.c:602:13:MX_GPIO_Init	48	static
../Core/Src/main.c:654:6:Error_Handler	4	static,ignoring_inline_asm
