../Core/Src/main.c:83:5:main	72	static
../Core/Src/main.c:180:6:SystemClock_Config	88	static
../Core/Src/main.c:227:13:MX_FDCAN1_Init	8	static
../Core/Src/main.c:270:13:MX_TIM2_Init	40	static
../Core/Src/main.c:315:13:MX_GPIO_Init	40	static
../Core/Src/main.c:346:6:Motor1_Control	16	static
../Core/Src/main.c:384:6:Motor2_Control	16	static
../Core/Src/main.c:422:6:Motor1_Sleep	16	static
../Core/Src/main.c:434:6:Motor2_Sleep	16	static
../Core/Src/main.c:452:6:Error_Handler	4	static,ignoring_inline_asm
